Component: ARM Compiler 5.06 update 7 (build 960) Tool: armlink [4d3601]

==============================================================================

Section Cross References

    main.o(i.main) refers to delay.o(i.delay_init) for delay_init
    main.o(i.main) refers to robot.o(i.robot_init) for robot_init
    main.o(i.main) refers to robot.o(i.chassis_control) for chassis_control
    main.o(i.main) refers to delay.o(i.delay_ms) for delay_ms
    main.o(i.main) refers to robot.o(.bss) for robot
    main.o(i.main) refers to remote_control.o(.bss) for rc_ctrl
    system_stm32f4xx.o(i.SystemCoreClockUpdate) refers to system_stm32f4xx.o(.data) for SystemCoreClock
    system_stm32f4xx.o(i.SystemInit) refers to system_stm32f4xx.o(i.SetSysClock) for SetSysClock
    startup_stm32f40_41xxx.o(RESET) refers to startup_stm32f40_41xxx.o(STACK) for __initial_sp
    startup_stm32f40_41xxx.o(RESET) refers to startup_stm32f40_41xxx.o(.text) for Reset_Handler
    startup_stm32f40_41xxx.o(RESET) refers to stm32f4xx_it.o(i.NMI_Handler) for NMI_Handler
    startup_stm32f40_41xxx.o(RESET) refers to stm32f4xx_it.o(i.HardFault_Handler) for HardFault_Handler
    startup_stm32f40_41xxx.o(RESET) refers to stm32f4xx_it.o(i.MemManage_Handler) for MemManage_Handler
    startup_stm32f40_41xxx.o(RESET) refers to stm32f4xx_it.o(i.BusFault_Handler) for BusFault_Handler
    startup_stm32f40_41xxx.o(RESET) refers to stm32f4xx_it.o(i.UsageFault_Handler) for UsageFault_Handler
    startup_stm32f40_41xxx.o(RESET) refers to port.o(.emb_text) for SVC_Handler
    startup_stm32f40_41xxx.o(RESET) refers to stm32f4xx_it.o(i.DebugMon_Handler) for DebugMon_Handler
    startup_stm32f40_41xxx.o(RESET) refers to delay.o(i.SysTick_Handler) for SysTick_Handler
    startup_stm32f40_41xxx.o(RESET) refers to canrecive.o(i.CAN1_RX0_IRQHandler) for CAN1_RX0_IRQHandler
    startup_stm32f40_41xxx.o(RESET) refers to my_controller.o(i.USART1_IRQHandler) for USART1_IRQHandler
    startup_stm32f40_41xxx.o(RESET) refers to remote_control.o(i.USART2_IRQHandler) for USART2_IRQHandler
    startup_stm32f40_41xxx.o(RESET) refers to canrecive.o(i.CAN2_RX1_IRQHandler) for CAN2_RX1_IRQHandler
    startup_stm32f40_41xxx.o(RESET) refers to ros_to_stm32.o(i.USART6_IRQHandler) for USART6_IRQHandler
    startup_stm32f40_41xxx.o(.text) refers to system_stm32f4xx.o(i.SystemInit) for SystemInit
    startup_stm32f40_41xxx.o(.text) refers to entry.o(.ARM.Collect$$$$00000000) for __main
    stm32f4xx_adc.o(i.ADC_DeInit) refers to stm32f4xx_rcc.o(i.RCC_APB2PeriphResetCmd) for RCC_APB2PeriphResetCmd
    stm32f4xx_can.o(i.CAN_DeInit) refers to stm32f4xx_rcc.o(i.RCC_APB1PeriphResetCmd) for RCC_APB1PeriphResetCmd
    stm32f4xx_can.o(i.CAN_GetITStatus) refers to stm32f4xx_can.o(i.CheckITStatus) for CheckITStatus
    stm32f4xx_cryp.o(i.CRYP_DeInit) refers to stm32f4xx_rcc.o(i.RCC_AHB2PeriphResetCmd) for RCC_AHB2PeriphResetCmd
    stm32f4xx_cryp_aes.o(i.CRYP_AES_CBC) refers to stm32f4xx_cryp.o(i.CRYP_KeyStructInit) for CRYP_KeyStructInit
    stm32f4xx_cryp_aes.o(i.CRYP_AES_CBC) refers to stm32f4xx_cryp.o(i.CRYP_FIFOFlush) for CRYP_FIFOFlush
    stm32f4xx_cryp_aes.o(i.CRYP_AES_CBC) refers to stm32f4xx_cryp.o(i.CRYP_Init) for CRYP_Init
    stm32f4xx_cryp_aes.o(i.CRYP_AES_CBC) refers to stm32f4xx_cryp.o(i.CRYP_KeyInit) for CRYP_KeyInit
    stm32f4xx_cryp_aes.o(i.CRYP_AES_CBC) refers to stm32f4xx_cryp.o(i.CRYP_Cmd) for CRYP_Cmd
    stm32f4xx_cryp_aes.o(i.CRYP_AES_CBC) refers to stm32f4xx_cryp.o(i.CRYP_GetFlagStatus) for CRYP_GetFlagStatus
    stm32f4xx_cryp_aes.o(i.CRYP_AES_CBC) refers to stm32f4xx_cryp.o(i.CRYP_IVInit) for CRYP_IVInit
    stm32f4xx_cryp_aes.o(i.CRYP_AES_CBC) refers to stm32f4xx_cryp.o(i.CRYP_GetCmdStatus) for CRYP_GetCmdStatus
    stm32f4xx_cryp_aes.o(i.CRYP_AES_CBC) refers to stm32f4xx_cryp.o(i.CRYP_DataIn) for CRYP_DataIn
    stm32f4xx_cryp_aes.o(i.CRYP_AES_CBC) refers to stm32f4xx_cryp.o(i.CRYP_DataOut) for CRYP_DataOut
    stm32f4xx_cryp_aes.o(i.CRYP_AES_CCM) refers to stm32f4xx_cryp.o(i.CRYP_KeyStructInit) for CRYP_KeyStructInit
    stm32f4xx_cryp_aes.o(i.CRYP_AES_CCM) refers to stm32f4xx_cryp.o(i.CRYP_FIFOFlush) for CRYP_FIFOFlush
    stm32f4xx_cryp_aes.o(i.CRYP_AES_CCM) refers to stm32f4xx_cryp.o(i.CRYP_KeyInit) for CRYP_KeyInit
    stm32f4xx_cryp_aes.o(i.CRYP_AES_CCM) refers to stm32f4xx_cryp.o(i.CRYP_IVInit) for CRYP_IVInit
    stm32f4xx_cryp_aes.o(i.CRYP_AES_CCM) refers to stm32f4xx_cryp.o(i.CRYP_Init) for CRYP_Init
    stm32f4xx_cryp_aes.o(i.CRYP_AES_CCM) refers to stm32f4xx_cryp.o(i.CRYP_PhaseConfig) for CRYP_PhaseConfig
    stm32f4xx_cryp_aes.o(i.CRYP_AES_CCM) refers to stm32f4xx_cryp.o(i.CRYP_DataIn) for CRYP_DataIn
    stm32f4xx_cryp_aes.o(i.CRYP_AES_CCM) refers to stm32f4xx_cryp.o(i.CRYP_Cmd) for CRYP_Cmd
    stm32f4xx_cryp_aes.o(i.CRYP_AES_CCM) refers to stm32f4xx_cryp.o(i.CRYP_GetCmdStatus) for CRYP_GetCmdStatus
    stm32f4xx_cryp_aes.o(i.CRYP_AES_CCM) refers to stm32f4xx_cryp.o(i.CRYP_GetFlagStatus) for CRYP_GetFlagStatus
[...]
    Removing heap_4.o(i.pvPortMalloc), (300 bytes).
    Removing heap_4.o(i.vPortFree), (140 bytes).
    Removing heap_4.o(i.vPortGetHeapStats), (128 bytes).
    Removing heap_4.o(i.vPortInitialiseBlocks), (2 bytes).
    Removing heap_4.o(i.xPortGetFreeHeapSize), (12 bytes).
    Removing heap_4.o(i.xPortGetMinimumEverFreeHeapSize), (12 bytes).
    Removing heap_4.o(.bss), (20480 bytes).
    Removing heap_4.o(.conststring), (85 bytes).
    Removing heap_4.o(.data), (28 bytes).
    Removing port.o(.rev16_text), (4 bytes).
    Removing port.o(.revsh_text), (4 bytes).
    Removing port.o(i.prvTaskExitError), (72 bytes).
    Removing port.o(i.pxPortInitialiseStack), (44 bytes).
    Removing port.o(i.vPortEndScheduler), (60 bytes).
    Removing port.o(i.vPortSetupTimerInterrupt), (40 bytes).
    Removing port.o(i.vPortValidateInterruptPriority), (120 bytes).
    Removing port.o(i.xPortStartScheduler), (372 bytes).
    Removing dneg.o(.text), (6 bytes).
    Removing dfixul.o(.text), (48 bytes).
    Removing cdrcmple.o(.text), (48 bytes).

991 unused section(s) (total 75215 bytes) removed from the image.

==============================================================================

Image Symbol Table

    Local Symbols

    Symbol Name                              Value     Ov Type        Size  Object(Section)

    ../clib/microlib/division.c              0x00000000   Number         0  uldiv.o ABSOLUTE
    ../clib/microlib/division.c              0x00000000   Number         0  uidiv.o ABSOLUTE
    ../clib/microlib/errno.c                 0x00000000   Number         0  errno.o ABSOLUTE
    ../clib/microlib/init/entry.s            0x00000000   Number         0  entry12a.o ABSOLUTE
    ../clib/microlib/init/entry.s            0x00000000   Number         0  entry.o ABSOLUTE
    ../clib/microlib/init/entry.s            0x00000000   Number         0  entry9b.o ABSOLUTE
    ../clib/microlib/init/entry.s            0x00000000   Number         0  entry10a.o ABSOLUTE
    ../clib/microlib/init/entry.s            0x00000000   Number         0  entry10b.o ABSOLUTE
    ../clib/microlib/init/entry.s            0x00000000   Number         0  entry2.o ABSOLUTE
    ../clib/microlib/init/entry.s            0x00000000   Number         0  entry5.o ABSOLUTE
    ../clib/microlib/init/entry.s            0x00000000   Number         0  entry11b.o ABSOLUTE
    ../clib/microlib/init/entry.s            0x00000000   Number         0  entry7a.o ABSOLUTE
    ../clib/microlib/init/entry.s            0x00000000   Number         0  entry11a.o ABSOLUTE
    ../clib/microlib/init/entry.s            0x00000000   Number         0  entry12b.o ABSOLUTE
    ../clib/microlib/init/entry.s            0x00000000   Number         0  entry9a.o ABSOLUTE
    ../clib/microlib/init/entry.s            0x00000000   Number         0  entry8b.o ABSOLUTE
    ../clib/microlib/init/entry.s            0x00000000   Number         0  entry7b.o ABSOLUTE
    ../clib/microlib/init/entry.s            0x00000000   Number         0  entry8a.o ABSOLUTE
    ../clib/microlib/longlong.c              0x00000000   Number         0  llsshr.o ABSOLUTE
    ../clib/microlib/longlong.c              0x00000000   Number         0  llshl.o ABSOLUTE
    ../clib/microlib/longlong.c              0x00000000   Number         0  llushr.o ABSOLUTE
    ../clib/microlib/printf/printf.c         0x00000000   Number         0  printf0.o ABSOLUTE
    ../clib/microlib/printf/printf.c         0x00000000   Number         0  printfa.o ABSOLUTE
    ../clib/microlib/printf/printf.c         0x00000000   Number         0  printfb.o ABSOLUTE
    ../clib/microlib/printf/printf.c         0x00000000   Number         0  printf1.o ABSOLUTE
    ../clib/microlib/printf/printf.c         0x00000000   Number         0  printf2.o ABSOLUTE
    ../clib/microlib/printf/printf.c         0x00000000   Number         0  printf3.o ABSOLUTE
    ../clib/microlib/printf/printf.c         0x00000000   Number         0  printf4.o ABSOLUTE
    ../clib/microlib/printf/printf.c         0x00000000   Number         0  printf5.o ABSOLUTE
    ../clib/microlib/printf/printf.c         0x00000000   Number         0  printf6.o ABSOLUTE
    ../clib/microlib/printf/printf.c         0x00000000   Number         0  printf7.o ABSOLUTE
    ../clib/microlib/printf/printf.c         0x00000000   Number         0  printf8.o ABSOLUTE
    ../clib/microlib/printf/stubs.s          0x00000000   Number         0  stubs.o ABSOLUTE
    ../clib/microlib/stdio/fputc.c           0x00000000   Number         0  fputc.o ABSOLUTE
    ../clib/microlib/stdio/semi.s            0x00000000   Number         0  semi.o ABSOLUTE
    ../clib/microlib/stdio/streams.c         0x00000000   Number         0  stdout.o ABSOLUTE
    ../clib/microlib/string/memcpy.c         0x00000000   Number         0  memcpyb.o ABSOLUTE
    ../clib/microlib/string/memcpy.c         0x00000000   Number         0  memcpya.o ABSOLUTE
    ../clib/microlib/string/memset.c         0x00000000   Number         0  memseta.o ABSOLUTE
    ../clib/microlib/string/memset.c         0x00000000   Number         0  memset.o ABSOLUTE
    ../clib/microlib/string/strcpy.c         0x00000000   Number         0  strcpy.o ABSOLUTE
    ../clib/microlib/string/strlen.c         0x00000000   Number         0  strlen.o ABSOLUTE
    ../clib/microlib/stubs.s                 0x00000000   Number         0  iusefp.o ABSOLUTE
    ../clib/microlib/stubs.s                 0x00000000   Number         0  iusesemip.o ABSOLUTE
    ../fplib/microlib/d2f.c                  0x00000000   Number         0  d2f.o ABSOLUTE
    ../fplib/microlib/f2d.c                  0x00000000   Number         0  f2d.o ABSOLUTE
    ../fplib/microlib/fpadd.c                0x00000000   Number         0  dadd.o ABSOLUTE
    ../fplib/microlib/fpdiv.c                0x00000000   Number         0  ddiv.o ABSOLUTE
    ../fplib/microlib/fpepilogue.c           0x00000000   Number         0  fepilogue.o ABSOLUTE
    ../fplib/microlib/fpepilogue.c           0x00000000   Number         0  depilogue.o ABSOLUTE
    ../fplib/microlib/fpfix.c                0x00000000   Number         0  dfixul.o ABSOLUTE
    ../fplib/microlib/fpfix.c                0x00000000   Number         0  dfixi.o ABSOLUTE
    ../fplib/microlib/fpflt.c                0x00000000   Number         0  dfltui.o ABSOLUTE
    ../fplib/microlib/fpflt.c                0x00000000   Number         0  dflti.o ABSOLUTE
    ../fplib/microlib/fpmul.c                0x00000000   Number         0  dmul.o ABSOLUTE
    ../fplib/microlib/fpneg.c                0x00000000   Number         0  dneg.o ABSOLUTE
    ../mathlib/cos.c                         0x00000000   Number         0  cos_x.o ABSOLUTE
    ../mathlib/cos.c                         0x00000000   Number         0  cos.o ABSOLUTE
    ../mathlib/cos_i.c                       0x00000000   Number         0  cos_i.o ABSOLUTE
    ../mathlib/dunder.c                      0x00000000   Number         0  dunder.o ABSOLUTE
    ../mathlib/fabs.c                        0x00000000   Number         0  fabs.o ABSOLUTE
    ../mathlib/fpclassify.c                  0x00000000   Number         0  fpclassify.o ABSOLUTE
    ../mathlib/poly.c                        0x00000000   Number         0  poly.o ABSOLUTE
    ../mathlib/rred.c                        0x00000000   Number         0  rred.o ABSOLUTE
    ../mathlib/sin.c                         0x00000000   Number         0  sin_x.o ABSOLUTE
    ../mathlib/sin.c                         0x00000000   Number         0  sin.o ABSOLUTE
    ../mathlib/sin_i.c                       0x00000000   Number         0  sin_i_x.o ABSOLUTE
    ../mathlib/sin_i.c                       0x00000000   Number         0  sin_i.o ABSOLUTE
    ..\Driver\CORE\startup_stm32f40_41xxx.s  0x00000000   Number         0  startup_stm32f40_41xxx.o ABSOLUTE
    ..\Driver\CORE\stm32f4xx_it.c            0x00000000   Number         0  stm32f4xx_it.o ABSOLUTE
    ..\Driver\CORE\system_stm32f4xx.c        0x00000000   Number         0  system_stm32f4xx.o ABSOLUTE
    ..\Driver\FWLIB\src\misc.c               0x00000000   Number         0  misc.o ABSOLUTE
    ..\Driver\FWLIB\src\stm32f4xx_adc.c      0x00000000   Number         0  stm32f4xx_adc.o ABSOLUTE
    ..\Driver\FWLIB\src\stm32f4xx_can.c      0x00000000   Number         0  stm32f4xx_can.o ABSOLUTE
    ..\Driver\FWLIB\src\stm32f4xx_crc.c      0x00000000   Number         0  stm32f4xx_crc.o ABSOLUTE
    ..\Driver\FWLIB\src\stm32f4xx_cryp.c     0x00000000   Number         0  stm32f4xx_cryp.o ABSOLUTE
    ..\Driver\FWLIB\src\stm32f4xx_cryp_aes.c 0x00000000   Number         0  stm32f4xx_cryp_aes.o ABSOLUTE
    ..\Driver\FWLIB\src\stm32f4xx_cryp_des.c 0x00000000   Number         0  stm32f4xx_cryp_des.o ABSOLUTE
    ..\Driver\FWLIB\src\stm32f4xx_cryp_tdes.c 0x00000000   Number         0  stm32f4xx_cryp_tdes.o ABSOLUTE
    ..\Driver\FWLIB\src\stm32f4xx_dac.c      0x00000000   Number         0  stm32f4xx_dac.o ABSOLUTE
    ..\Driver\FWLIB\src\stm32f4xx_dbgmcu.c   0x00000000   Number         0  stm32f4xx_dbgmcu.o ABSOLUTE
    ..\Driver\FWLIB\src\stm32f4xx_dcmi.c     0x00000000   Number         0  stm32f4xx_dcmi.o ABSOLUTE
    ..\Driver\FWLIB\src\stm32f4xx_dma.c      0x00000000   Number         0  stm32f4xx_dma.o ABSOLUTE
    ..\Driver\FWLIB\src\stm32f4xx_dma2d.c    0x00000000   Number         0  stm32f4xx_dma2d.o ABSOLUTE
    ..\Driver\FWLIB\src\stm32f4xx_exti.c     0x00000000   Number         0  stm32f4xx_exti.o ABSOLUTE
    ..\Driver\FWLIB\src\stm32f4xx_flash.c    0x00000000   Number         0  stm32f4xx_flash.o ABSOLUTE
    ..\Driver\FWLIB\src\stm32f4xx_flash_ramfunc.c 0x00000000   Number         0  stm32f4xx_flash_ramfunc.o ABSOLUTE
    ..\Driver\FWLIB\src\stm32f4xx_fsmc.c     0x00000000   Number         0  stm32f4xx_fsmc.o ABSOLUTE
    ..\Driver\FWLIB\src\stm32f4xx_gpio.c     0x00000000   Number         0  stm32f4xx_gpio.o ABSOLUTE
    ..\Driver\FWLIB\src\stm32f4xx_hash.c     0x00000000   Number         0  stm32f4xx_hash.o ABSOLUTE
    ..\Driver\FWLIB\src\stm32f4xx_hash_md5.c 0x00000000   Number         0  stm32f4xx_hash_md5.o ABSOLUTE
    ..\Driver\FWLIB\src\stm32f4xx_hash_sha1.c 0x00000000   Number         0  stm32f4xx_hash_sha1.o ABSOLUTE
    ..\Driver\FWLIB\src\stm32f4xx_i2c.c      0x00000000   Number         0  stm32f4xx_i2c.o ABSOLUTE
    ..\Driver\FWLIB\src\stm32f4xx_iwdg.c     0x00000000   Number         0  stm32f4xx_iwdg.o ABSOLUTE
    ..\Driver\FWLIB\src\stm32f4xx_ltdc.c     0x00000000   Number         0  stm32f4xx_ltdc.o ABSOLUTE
    ..\Driver\FWLIB\src\stm32f4xx_pwr.c      0x00000000   Number         0  stm32f4xx_pwr.o ABSOLUTE
    ..\Driver\FWLIB\src\stm32f4xx_rcc.c      0x00000000   Number         0  stm32f4xx_rcc.o ABSOLUTE
    ..\Driver\FWLIB\src\stm32f4xx_rng.c      0x00000000   Number         0  stm32f4xx_rng.o ABSOLUTE
    ..\Driver\FWLIB\src\stm32f4xx_rtc.c      0x00000000   Number         0  stm32f4xx_rtc.o ABSOLUTE
    ..\Driver\FWLIB\src\stm32f4xx_sai.c      0x00000000   Number         0  stm32f4xx_sai.o ABSOLUTE
    ..\Driver\FWLIB\src\stm32f4xx_sdio.c     0x00000000   Number         0  stm32f4xx_sdio.o ABSOLUTE
    ..\Driver\FWLIB\src\stm32f4xx_spi.c      0x00000000   Number         0  stm32f4xx_spi.o ABSOLUTE
    ..\Driver\FWLIB\src\stm32f4xx_syscfg.c   0x00000000   Number         0  stm32f4xx_syscfg.o ABSOLUTE
    ..\Driver\FWLIB\src\stm32f4xx_tim.c      0x00000000   Number         0  stm32f4xx_tim.o ABSOLUTE
    ..\Driver\FWLIB\src\stm32f4xx_usart.c    0x00000000   Number         0  stm32f4xx_usart.o ABSOLUTE
    ..\Driver\FWLIB\src\stm32f4xx_wwdg.c     0x00000000   Number         0  stm32f4xx_wwdg.o ABSOLUTE
    ..\FreeRTOS\FreeRTOS_v2\FreeRTOSv202212.01\FreeRTOS\Source\croutine.c 0x00000000   Number         0  croutine.o ABSOLUTE
    ..\FreeRTOS\FreeRTOS_v2\FreeRTOSv202212.01\FreeRTOS\Source\event_groups.c 0x00000000   Number         0  event_groups.o ABSOLUTE
    ..\FreeRTOS\FreeRTOS_v2\FreeRTOSv202212.01\FreeRTOS\Source\list.c 0x00000000   Number         0  list.o ABSOLUTE
    ..\FreeRTOS\FreeRTOS_v2\FreeRTOSv202212.01\FreeRTOS\Source\portable\MemMang\heap_4.c 0x00000000   Number         0  heap_4.o ABSOLUTE
    ..\FreeRTOS\FreeRTOS_v2\FreeRTOSv202212.01\FreeRTOS\Source\portable\RVDS\ARM_CM4F\port.c 0x00000000   Number         0  port.o ABSOLUTE
    ..\FreeRTOS\FreeRTOS_v2\FreeRTOSv202212.01\FreeRTOS\Source\queue.c 0x00000000   Number         0  queue.o ABSOLUTE
    ..\FreeRTOS\FreeRTOS_v2\FreeRTOSv202212.01\FreeRTOS\Source\stream_buffer.c 0x00000000   Number         0  stream_buffer.o ABSOLUTE
    ..\FreeRTOS\FreeRTOS_v2\FreeRTOSv202212.01\FreeRTOS\Source\tasks.c 0x00000000   Number         0  tasks.o ABSOLUTE
    ..\FreeRTOS\FreeRTOS_v2\FreeRTOSv202212.01\FreeRTOS\Source\timers.c 0x00000000   Number         0  timers.o ABSOLUTE
    ..\HARDWARE\src\can.c                    0x00000000   Number         0  can.o ABSOLUTE
    ..\HARDWARE\src\usart.c                  0x00000000   Number         0  usart.o ABSOLUTE
    ..\USER\APP\canrecive.c                  0x00000000   Number         0  canrecive.o ABSOLUTE
    ..\USER\APP\my_controller.c              0x00000000   Number         0  my_controller.o ABSOLUTE
    ..\USER\APP\remote_control.c             0x00000000   Number         0  remote_control.o ABSOLUTE
    ..\USER\APP\ros_to_stm32.c               0x00000000   Number         0  ros_to_stm32.o ABSOLUTE
    ..\USER\SYSTEM\src\delay.c               0x00000000   Number         0  delay.o ABSOLUTE
    ..\USER\SYSTEM\src\sys.c                 0x00000000   Number         0  sys.o ABSOLUTE
    ..\USER\algorithm\pid.c                  0x00000000   Number         0  pid.o ABSOLUTE
    ..\\Driver\\CORE\\stm32f4xx_it.c         0x00000000   Number         0  stm32f4xx_it.o ABSOLUTE
    ..\\Driver\\CORE\\system_stm32f4xx.c     0x00000000   Number         0  system_stm32f4xx.o ABSOLUTE
    ..\\Driver\\FWLIB\\src\\misc.c           0x00000000   Number         0  misc.o ABSOLUTE
    ..\\Driver\\FWLIB\\src\\stm32f4xx_adc.c  0x00000000   Number         0  stm32f4xx_adc.o ABSOLUTE
    ..\\Driver\\FWLIB\\src\\stm32f4xx_can.c  0x00000000   Number         0  stm32f4xx_can.o ABSOLUTE
    ..\\Driver\\FWLIB\\src\\stm32f4xx_crc.c  0x00000000   Number         0  stm32f4xx_crc.o ABSOLUTE
    ..\\Driver\\FWLIB\\src\\stm32f4xx_cryp.c 0x00000000   Number         0  stm32f4xx_cryp.o ABSOLUTE
    ..\\Driver\\FWLIB\\src\\stm32f4xx_cryp_aes.c 0x00000000   Number         0  stm32f4xx_cryp_aes.o ABSOLUTE
    ..\\Driver\\FWLIB\\src\\stm32f4xx_cryp_des.c 0x00000000   Number         0  stm32f4xx_cryp_des.o ABSOLUTE
    ..\\Driver\\FWLIB\\src\\stm32f4xx_cryp_tdes.c 0x00000000   Number         0  stm32f4xx_cryp_tdes.o ABSOLUTE
    ..\\Driver\\FWLIB\\src\\stm32f4xx_dac.c  0x00000000   Number         0  stm32f4xx_dac.o ABSOLUTE
    ..\\Driver\\FWLIB\\src\\stm32f4xx_dbgmcu.c 0x00000000   Number         0  stm32f4xx_dbgmcu.o ABSOLUTE
    ..\\Driver\\FWLIB\\src\\stm32f4xx_dcmi.c 0x00000000   Number         0  stm32f4xx_dcmi.o ABSOLUTE
    ..\\Driver\\FWLIB\\src\\stm32f4xx_dma.c  0x00000000   Number         0  stm32f4xx_dma.o ABSOLUTE
    ..\\Driver\\FWLIB\\src\\stm32f4xx_dma2d.c 0x00000000   Number         0  stm32f4xx_dma2d.o ABSOLUTE
    ..\\Driver\\FWLIB\\src\\stm32f4xx_exti.c 0x00000000   Number         0  stm32f4xx_exti.o ABSOLUTE
    ..\\Driver\\FWLIB\\src\\stm32f4xx_flash.c 0x00000000   Number         0  stm32f4xx_flash.o ABSOLUTE
    ..\\Driver\\FWLIB\\src\\stm32f4xx_flash_ramfunc.c 0x00000000   Number         0  stm32f4xx_flash_ramfunc.o ABSOLUTE
    ..\\Driver\\FWLIB\\src\\stm32f4xx_fsmc.c 0x00000000   Number         0  stm32f4xx_fsmc.o ABSOLUTE
    ..\\Driver\\FWLIB\\src\\stm32f4xx_gpio.c 0x00000000   Number         0  stm32f4xx_gpio.o ABSOLUTE
    ..\\Driver\\FWLIB\\src\\stm32f4xx_hash.c 0x00000000   Number         0  stm32f4xx_hash.o ABSOLUTE
    ..\\Driver\\FWLIB\\src\\stm32f4xx_hash_md5.c 0x00000000   Number         0  stm32f4xx_hash_md5.o ABSOLUTE
    ..\\Driver\\FWLIB\\src\\stm32f4xx_hash_sha1.c 0x00000000   Number         0  stm32f4xx_hash_sha1.o ABSOLUTE
    ..\\Driver\\FWLIB\\src\\stm32f4xx_i2c.c  0x00000000   Number         0  stm32f4xx_i2c.o ABSOLUTE
    ..\\Driver\\FWLIB\\src\\stm32f4xx_iwdg.c 0x00000000   Number         0  stm32f4xx_iwdg.o ABSOLUTE
    ..\\Driver\\FWLIB\\src\\stm32f4xx_ltdc.c 0x00000000   Number         0  stm32f4xx_ltdc.o ABSOLUTE
    ..\\Driver\\FWLIB\\src\\stm32f4xx_pwr.c  0x00000000   Number         0  stm32f4xx_pwr.o ABSOLUTE
    ..\\Driver\\FWLIB\\src\\stm32f4xx_rcc.c  0x00000000   Number         0  stm32f4xx_rcc.o ABSOLUTE
    ..\\Driver\\FWLIB\\src\\stm32f4xx_rng.c  0x00000000   Number         0  stm32f4xx_rng.o ABSOLUTE
    ..\\Driver\\FWLIB\\src\\stm32f4xx_rtc.c  0x00000000   Number         0  stm32f4xx_rtc.o ABSOLUTE
    ..\\Driver\\FWLIB\\src\\stm32f4xx_sai.c  0x00000000   Number         0  stm32f4xx_sai.o ABSOLUTE
    ..\\Driver\\FWLIB\\src\\stm32f4xx_sdio.c 0x00000000   Number         0  stm32f4xx_sdio.o ABSOLUTE
    ..\\Driver\\FWLIB\\src\\stm32f4xx_spi.c  0x00000000   Number         0  stm32f4xx_spi.o ABSOLUTE
    ..\\Driver\\FWLIB\\src\\stm32f4xx_syscfg.c 0x00000000   Number         0  stm32f4xx_syscfg.o ABSOLUTE
    ..\\Driver\\FWLIB\\src\\stm32f4xx_tim.c  0x00000000   Number         0  stm32f4xx_tim.o ABSOLUTE
    ..\\Driver\\FWLIB\\src\\stm32f4xx_usart.c 0x00000000   Number         0  stm32f4xx_usart.o ABSOLUTE
    ..\\Driver\\FWLIB\\src\\stm32f4xx_wwdg.c 0x00000000   Number         0  stm32f4xx_wwdg.o ABSOLUTE
    ..\\FreeRTOS\\FreeRTOS_v2\\FreeRTOSv202212.01\\FreeRTOS\\Source\\croutine.c 0x00000000   Number         0  croutine.o ABSOLUTE
    ..\\FreeRTOS\\FreeRTOS_v2\\FreeRTOSv202212.01\\FreeRTOS\\Source\\event_groups.c 0x00000000   Number         0  event_groups.o ABSOLUTE
    ..\\FreeRTOS\\FreeRTOS_v2\\FreeRTOSv202212.01\\FreeRTOS\\Source\\list.c 0x00000000   Number         0  list.o ABSOLUTE
    ..\\FreeRTOS\\FreeRTOS_v2\\FreeRTOSv202212.01\\FreeRTOS\\Source\\portable\\MemMang\\heap_4.c 0x00000000   Number         0  heap_4.o ABSOLUTE
    ..\\FreeRTOS\\FreeRTOS_v2\\FreeRTOSv202212.01\\FreeRTOS\\Source\\portable\\RVDS\\ARM_CM4F\\port.c 0x00000000   Number         0  port.o ABSOLUTE
    ..\\FreeRTOS\\FreeRTOS_v2\\FreeRTOSv202212.01\\FreeRTOS\\Source\\queue.c 0x00000000   Number         0  queue.o ABSOLUTE
    ..\\FreeRTOS\\FreeRTOS_v2\\FreeRTOSv202212.01\\FreeRTOS\\Source\\stream_buffer.c 0x00000000   Number         0  stream_buffer.o ABSOLUTE
    ..\\FreeRTOS\\FreeRTOS_v2\\FreeRTOSv202212.01\\FreeRTOS\\Source\\tasks.c 0x00000000   Number         0  tasks.o ABSOLUTE
    ..\\FreeRTOS\\FreeRTOS_v2\\FreeRTOSv202212.01\\FreeRTOS\\Source\\timers.c 0x00000000   Number         0  timers.o ABSOLUTE
    ..\\HARDWARE\\src\\can.c                 0x00000000   Number         0  can.o ABSOLUTE
    ..\\HARDWARE\\src\\usart.c               0x00000000   Number         0  usart.o ABSOLUTE
    ..\\USER\\APP\\canrecive.c               0x00000000   Number         0  canrecive.o ABSOLUTE
    ..\\USER\\APP\\my_controller.c           0x00000000   Number         0  my_controller.o ABSOLUTE
    ..\\USER\\APP\\remote_control.c          0x00000000   Number         0  remote_control.o ABSOLUTE
    ..\\USER\\APP\\ros_to_stm32.c            0x00000000   Number         0  ros_to_stm32.o ABSOLUTE
    ..\\USER\\SYSTEM\\src\\delay.c           0x00000000   Number         0  delay.o ABSOLUTE
    ..\\USER\\SYSTEM\\src\\sys.c             0x00000000   Number         0  sys.o ABSOLUTE
    cdrcmple.s                               0x00000000   Number         0  cdrcmple.o ABSOLUTE
    dc.s                                     0x00000000   Number         0  dc.o ABSOLUTE
    handlers.s                               0x00000000   Number         0  handlers.o ABSOLUTE
    init.s                                   0x00000000   Number         0  init.o ABSOLUTE
    main.c                                   0x00000000   Number         0  main.o ABSOLUTE
    main.c                                   0x00000000   Number         0  main.o ABSOLUTE
    robot.c                                  0x00000000   Number         0  robot.o ABSOLUTE
    robot.c                                  0x00000000   Number         0  robot.o ABSOLUTE
    RESET                                    0x08000000   Section      392  startup_stm32f40_41xxx.o(RESET)
    .ARM.Collect$$$$00000000                 0x08000188   Section        0  entry.o(.ARM.Collect$$$$00000000)
    .ARM.Collect$$$$00000001                 0x08000188   Section        4  entry2.o(.ARM.Collect$$$$00000001)
    .ARM.Collect$$$$00000004                 0x0800018c   Section        4  entry5.o(.ARM.Collect$$$$00000004)
    .ARM.Collect$$$$00000008                 0x08000190   Section        0  entry7b.o(.ARM.Collect$$$$00000008)
    .ARM.Collect$$$$0000000A                 0x08000190   Section        0  entry8b.o(.ARM.Collect$$$$0000000A)
    .ARM.Collect$$$$0000000B                 0x08000190   Section        8  entry9a.o(.ARM.Collect$$$$0000000B)
    .ARM.Collect$$$$0000000E                 0x08000198   Section        4  entry12b.o(.ARM.Collect$$$$0000000E)
    .ARM.Collect$$$$0000000F                 0x0800019c   Section        0  entry10a.o(.ARM.Collect$$$$0000000F)
    .ARM.Collect$$$$00000011                 0x0800019c   Section        0  entry11a.o(.ARM.Collect$$$$00000011)
    .ARM.Collect$$$$00002712                 0x0800019c   Section        4  entry2.o(.ARM.Collect$$$$00002712)
    __lit__00000000                          0x0800019c   Data           4  entry2.o(.ARM.Collect$$$$00002712)
    .emb_text                                0x080001a0   Section      190  port.o(.emb_text)
    $v0                                      0x080001a0   Number         0  port.o(.emb_text)
    .text                                    0x08000260   Section       36  startup_stm32f40_41xxx.o(.text)
    $v0                                      0x08000260   Number         0  startup_stm32f40_41xxx.o(.text)
    .text                                    0x08000284   Section        0  memcpya.o(.text)
    .text                                    0x080002a8   Section        0  dadd.o(.text)
    .text                                    0x080003f6   Section        0  dmul.o(.text)
    .text                                    0x080004da   Section        0  ddiv.o(.text)
    .text                                    0x080005b8   Section        0  dflti.o(.text)
    .text                                    0x080005da   Section        0  f2d.o(.text)
    .text                                    0x08000600   Section        0  d2f.o(.text)
    .text                                    0x08000638   Section        0  uidiv.o(.text)
    .text                                    0x08000664   Section        0  llshl.o(.text)
    .text                                    0x08000682   Section        0  llsshr.o(.text)
    .text                                    0x080006a6   Section        0  fepilogue.o(.text)
    .text                                    0x080006a6   Section        0  iusefp.o(.text)
    .text                                    0x08000714   Section        0  depilogue.o(.text)
    .text                                    0x080007d0   Section       36  init.o(.text)
    .text                                    0x080007f4   Section        0  llushr.o(.text)
    .text                                    0x080007f4   Section        0  semi.o(.text)
    .text                                    0x08000814   Section        0  dfltui.o(.text)
    .text                                    0x08000814   Section        0  iusesemip.o(.text)
    .text                                    0x0800082e   Section        0  dfixi.o(.text)
    i.BusFault_Handler                       0x0800086c   Section        0  stm32f4xx_it.o(i.BusFault_Handler)
    i.CAN1_Mode_Init                         0x08000870   Section        0  can.o(i.CAN1_Mode_Init)
    i.CAN1_RX0_IRQHandler                    0x08000970   Section        0  canrecive.o(i.CAN1_RX0_IRQHandler)
    i.CAN2_Mode_Init                         0x08000c34   Section        0  can.o(i.CAN2_Mode_Init)
    i.CAN2_RX1_IRQHandler                    0x08000d34   Section        0  canrecive.o(i.CAN2_RX1_IRQHandler)
    i.CAN_FilterInit                         0x08000ff8   Section        0  stm32f4xx_can.o(i.CAN_FilterInit)
    i.CAN_ITConfig                           0x08001100   Section        0  stm32f4xx_can.o(i.CAN_ITConfig)
    i.CAN_Init                               0x08001112   Section        0  stm32f4xx_can.o(i.CAN_Init)
    i.CAN_Receive                            0x08001226   Section        0  stm32f4xx_can.o(i.CAN_Receive)
    i.CAN_Transmit                           0x08001316   Section        0  stm32f4xx_can.o(i.CAN_Transmit)
    i.DMA_ClearFlag                          0x0800143c   Section        0  stm32f4xx_dma.o(i.DMA_ClearFlag)
    i.DMA_Cmd                                0x08001470   Section        0  stm32f4xx_dma.o(i.DMA_Cmd)
    i.DMA_DeInit                             0x08001488   Section        0  stm32f4xx_dma.o(i.DMA_DeInit)
    i.DMA_DoubleBufferModeCmd                0x080015e0   Section        0  stm32f4xx_dma.o(i.DMA_DoubleBufferModeCmd)
    i.DMA_DoubleBufferModeConfig             0x080015f6   Section        0  stm32f4xx_dma.o(i.DMA_DoubleBufferModeConfig)
    i.DMA_GetCurrDataCounter                 0x0800160e   Section        0  stm32f4xx_dma.o(i.DMA_GetCurrDataCounter)
    i.DMA_GetCurrentMemoryTarget             0x08001616   Section        0  stm32f4xx_dma.o(i.DMA_GetCurrentMemoryTarget)
    i.DMA_Init                               0x0800162c   Section        0  stm32f4xx_dma.o(i.DMA_Init)
    i.DMA_SetCurrDataCounter                 0x08001684   Section        0  stm32f4xx_dma.o(i.DMA_SetCurrDataCounter)
    i.DebugMon_Handler                       0x08001688   Section        0  stm32f4xx_it.o(i.DebugMon_Handler)
    i.GPIO_Init                              0x0800168a   Section        0  stm32f4xx_gpio.o(i.GPIO_Init)
    i.GPIO_PinAFConfig                       0x0800171a   Section        0  stm32f4xx_gpio.o(i.GPIO_PinAFConfig)
    i.HardFault_Handler                      0x08001760   Section        0  stm32f4xx_it.o(i.HardFault_Handler)
    i.MemManage_Handler                      0x08001764   Section        0  stm32f4xx_it.o(i.MemManage_Handler)
    i.NMI_Handler                            0x08001768   Section        0  stm32f4xx_it.o(i.NMI_Handler)
    i.NVIC_Init                              0x0800176c   Section        0  misc.o(i.NVIC_Init)
    i.PID_calc                               0x080017e4   Section        0  pid.o(i.PID_calc)
    i.PID_init                               0x080019e8   Section        0  pid.o(i.PID_init)
    i.RCC_AHB1PeriphClockCmd                 0x08001a38   Section        0  stm32f4xx_rcc.o(i.RCC_AHB1PeriphClockCmd)
    i.RCC_APB1PeriphClockCmd                 0x08001a58   Section        0  stm32f4xx_rcc.o(i.RCC_APB1PeriphClockCmd)
    i.RCC_APB1PeriphResetCmd                 0x08001a78   Section        0  stm32f4xx_rcc.o(i.RCC_APB1PeriphResetCmd)
    i.RCC_APB2PeriphClockCmd                 0x08001a98   Section        0  stm32f4xx_rcc.o(i.RCC_APB2PeriphClockCmd)
    i.RCC_APB2PeriphResetCmd                 0x08001ab8   Section        0  stm32f4xx_rcc.o(i.RCC_APB2PeriphResetCmd)
    i.RCC_GetClocksFreq                      0x08001ad8   Section        0  stm32f4xx_rcc.o(i.RCC_GetClocksFreq)
    i.SBUS_TO_RC                             0x08001bc0   Section        0  remote_control.o(i.SBUS_TO_RC)
    SBUS_TO_RC                               0x08001bc1   Thumb Code   244  remote_control.o(i.SBUS_TO_RC)
    i.SetSysClock                            0x08001cbc   Section        0  system_stm32f4xx.o(i.SetSysClock)
    SetSysClock                              0x08001cbd   Thumb Code   220  system_stm32f4xx.o(i.SetSysClock)
    i.SysTick_CLKSourceConfig                0x08001da8   Section        0  misc.o(i.SysTick_CLKSourceConfig)
    i.SysTick_Handler                        0x08001dd0   Section        0  delay.o(i.SysTick_Handler)
    i.SystemInit                             0x08001de0   Section        0  system_stm32f4xx.o(i.SystemInit)
    i.USART1_IRQHandler                      0x08001e48   Section        0  my_controller.o(i.USART1_IRQHandler)
    i.USART2_IRQHandler                      0x08001ecc   Section        0  remote_control.o(i.USART2_IRQHandler)
    i.USART6_IRQHandler                      0x08001fc4   Section        0  ros_to_stm32.o(i.USART6_IRQHandler)
    i.USART_ClearFlag                        0x080020c8   Section        0  stm32f4xx_usart.o(i.USART_ClearFlag)
    i.USART_ClearITPendingBit                0x080020da   Section        0  stm32f4xx_usart.o(i.USART_ClearITPendingBit)
    i.USART_Cmd                              0x080020f8   Section        0  stm32f4xx_usart.o(i.USART_Cmd)
    i.USART_DMACmd                           0x08002110   Section        0  stm32f4xx_usart.o(i.USART_DMACmd)
    i.USART_DeInit                           0x08002124   Section        0  stm32f4xx_usart.o(i.USART_DeInit)
    i.USART_GetITStatus                      0x08002214   Section        0  stm32f4xx_usart.o(i.USART_GetITStatus)
    i.USART_ITConfig                         0x08002268   Section        0  stm32f4xx_usart.o(i.USART_ITConfig)
    i.USART_Init                             0x080022b4   Section        0  stm32f4xx_usart.o(i.USART_Init)
    i.USART_ReceiveData                      0x08002388   Section        0  stm32f4xx_usart.o(i.USART_ReceiveData)
    i.UsageFault_Handler                     0x08002392   Section        0  stm32f4xx_it.o(i.UsageFault_Handler)
    i.__0printf$3                            0x08002398   Section        0  printf3.o(i.__0printf$3)
    i.__ARM_fpclassify                       0x080023b8   Section        0  fpclassify.o(i.__ARM_fpclassify)
    i.__hardfp_cos                           0x080023e8   Section        0  cos.o(i.__hardfp_cos)
    i.__hardfp_sin                           0x080024b0   Section        0  sin.o(i.__hardfp_sin)
    i.__ieee754_rem_pio2                     0x08002578   Section        0  rred.o(i.__ieee754_rem_pio2)
    i.__kernel_cos                           0x080029b0   Section        0  cos_i.o(i.__kernel_cos)
    i.__kernel_poly                          0x08002b20   Section        0  poly.o(i.__kernel_poly)
    i.__kernel_sin                           0x08002c18   Section        0  sin_i.o(i.__kernel_sin)
    i.__mathlib_dbl_infnan                   0x08002d48   Section        0  dunder.o(i.__mathlib_dbl_infnan)
    i.__mathlib_dbl_invalid                  0x08002d60   Section        0  dunder.o(i.__mathlib_dbl_invalid)
    i.__mathlib_dbl_underflow                0x08002d80   Section        0  dunder.o(i.__mathlib_dbl_underflow)
    i.__scatterload_copy                     0x08002da0   Section       14  handlers.o(i.__scatterload_copy)
    i.__scatterload_null                     0x08002dae   Section        2  handlers.o(i.__scatterload_null)
    i.__scatterload_zeroinit                 0x08002db0   Section       14  handlers.o(i.__scatterload_zeroinit)
    i.__set_errno                            0x08002dc0   Section        0  errno.o(i.__set_errno)
    i._printf_core                           0x08002dcc   Section        0  printf3.o(i._printf_core)
    _printf_core                             0x08002dcd   Thumb Code   436  printf3.o(i._printf_core)
    i.chassis_cal                            0x08002f84   Section        0  robot.o(i.chassis_cal)
    i.chassis_control                        0x080030f4   Section        0  robot.o(i.chassis_control)
    i.chassis_drive                          0x080031b0   Section        0  robot.o(i.chassis_drive)
    i.controller_callback                    0x08003314   Section        0  robot.o(i.controller_callback)
    i.delay_init                             0x08003318   Section        0  delay.o(i.delay_init)
    i.delay_ms                               0x0800335c   Section        0  delay.o(i.delay_ms)
    i.delay_us                               0x0800339c   Section        0  delay.o(i.delay_us)
    i.fabs                                   0x080033e4   Section        0  fabs.o(i.fabs)
    i.fputc                                  0x080033fc   Section        0  fputc.o(i.fputc)
    i.main                                   0x08003410   Section        0  main.o(i.main)
    i.motor_send_3508                        0x0800343c   Section        0  canrecive.o(i.motor_send_3508)
    i.prvAddCurrentTaskToDelayedList         0x080034a0   Section        0  tasks.o(i.prvAddCurrentTaskToDelayedList)
    prvAddCurrentTaskToDelayedList           0x080034a1   Thumb Code   164  tasks.o(i.prvAddCurrentTaskToDelayedList)
    i.prvResetNextTaskUnblockTime            0x08003560   Section        0  tasks.o(i.prvResetNextTaskUnblockTime)
    prvResetNextTaskUnblockTime              0x08003561   Thumb Code    40  tasks.o(i.prvResetNextTaskUnblockTime)
    i.remote_control_init                    0x08003590   Section        0  remote_control.o(i.remote_control_init)
    i.robot_init                             0x080035a4   Section        0  robot.o(i.robot_init)
    i.ros_control_cal                        0x080036d8   Section        0  robot.o(i.ros_control_cal)
    i.ros_to_stm32_init                      0x08003830   Section        0  ros_to_stm32.o(i.ros_to_stm32_init)
    i.usart2_Init                            0x0800383c   Section        0  usart.o(i.usart2_Init)
    i.usart6_init                            0x08003998   Section        0  usart.o(i.usart6_init)
    i.uxListRemove                           0x08003a58   Section        0  list.o(i.uxListRemove)
    i.vListInsert                            0x08003a80   Section        0  list.o(i.vListInsert)
    i.vPortEnterCritical                     0x08003ab4   Section        0  port.o(i.vPortEnterCritical)
    i.vPortExitCritical                      0x08003b14   Section        0  port.o(i.vPortExitCritical)
    i.vTaskDelay                             0x08003b5c   Section        0  tasks.o(i.vTaskDelay)
    i.vTaskSuspendAll                        0x08003bc0   Section        0  tasks.o(i.vTaskSuspendAll)
    i.vTaskSwitchContext                     0x08003bd0   Section        0  tasks.o(i.vTaskSwitchContext)
    i.xPortSysTickHandler                    0x08003c68   Section        0  port.o(i.xPortSysTickHandler)
    i.xTaskGetSchedulerState                 0x08003c9c   Section        0  tasks.o(i.xTaskGetSchedulerState)
    i.xTaskIncrementTick                     0x08003cbc   Section        0  tasks.o(i.xTaskIncrementTick)
    i.xTaskResumeAll                         0x08003e80   Section        0  tasks.o(i.xTaskResumeAll)
    .constdata                               0x08004000   Section       20  robot.o(.constdata)
    .constdata                               0x08004018   Section       48  cos_i.o(.constdata)
    C                                        0x08004018   Data          48  cos_i.o(.constdata)
    .constdata                               0x08004048   Section      200  rred.o(.constdata)
    pio2s                                    0x08004048   Data          48  rred.o(.constdata)
    twooverpi                                0x08004078   Data         152  rred.o(.constdata)
    .constdata                               0x08004110   Section       40  sin_i.o(.constdata)
    S                                        0x08004110   Data          40  sin_i.o(.constdata)
    .conststring                             0x08004138   Section       67  tasks.o(.conststring)
    .conststring                             0x0800417c   Section       89  port.o(.conststring)
    .data                                    0x20000000   Section       16  stm32f4xx_rcc.o(.data)
    APBAHBPrescTable                         0x20000000   Data          16  stm32f4xx_rcc.o(.data)
    .data                                    0x20000010   Section        4  delay.o(.data)
    fac_us                                   0x20000010   Data           1  delay.o(.data)
    fac_ms                                   0x20000012   Data           2  delay.o(.data)
    .data                                    0x20000014   Section        2  remote_control.o(.data)
    this_time_rx_len                         0x20000014   Data           2  remote_control.o(.data)
    .data                                    0x20000018   Section        4  robot.o(.data)
    .data                                    0x2000001c   Section       10  ros_to_stm32.o(.data)
    flag                                     0x20000024   Data           1  ros_to_stm32.o(.data)
    i                                        0x20000025   Data           1  ros_to_stm32.o(.data)
    .data                                    0x20000026   Section        8  my_controller.o(.data)
    flag                                     0x20000026   Data           1  my_controller.o(.data)
    i                                        0x20000027   Data           1  my_controller.o(.data)
    usart1_buffer                            0x20000028   Data           6  my_controller.o(.data)
    .data                                    0x20000030   Section       64  tasks.o(.data)
    pxDelayedTaskList                        0x20000034   Data           4  tasks.o(.data)
    pxOverflowDelayedTaskList                0x20000038   Data           4  tasks.o(.data)
    uxDeletedTasksWaitingCleanUp             0x2000003c   Data           4  tasks.o(.data)
    uxCurrentNumberOfTasks                   0x20000040   Data           4  tasks.o(.data)
    xTickCount                               0x20000044   Data           4  tasks.o(.data)
    uxTopReadyPriority                       0x20000048   Data           4  tasks.o(.data)
    xSchedulerRunning                        0x2000004c   Data           4  tasks.o(.data)
    xPendedTicks                             0x20000050   Data           4  tasks.o(.data)
    xYieldPending                            0x20000054   Data           4  tasks.o(.data)
    xNumOfOverflows                          0x20000058   Data           4  tasks.o(.data)
    uxTaskNumber                             0x2000005c   Data           4  tasks.o(.data)
    xNextTaskUnblockTime                     0x20000060   Data           4  tasks.o(.data)
    xIdleTaskHandle                          0x20000064   Data           4  tasks.o(.data)
    uxSchedulerSuspended                     0x2000006c   Data           4  tasks.o(.data)
    .data                                    0x20000070   Section       12  port.o(.data)
    uxCriticalNesting                        0x20000070   Data           4  port.o(.data)
    ucMaxSysCallPriority                     0x20000074   Data           1  port.o(.data)
    ulMaxPRIGROUPValue                       0x20000078   Data           4  port.o(.data)
    .data                                    0x2000007c   Section        4  stdout.o(.data)
    .data                                    0x20000080   Section        4  errno.o(.data)
    _errno                                   0x20000080   Data           4  errno.o(.data)
    .bss                                     0x20000084   Section      124  remote_control.o(.bss)
    SBUS_rx_buf                              0x20000084   Data          72  remote_control.o(.bss)
    .bss                                     0x20000100   Section      112  canrecive.o(.bss)
    SBUS_rx_buf                              0x20000100   Data          72  canrecive.o(.bss)
    .bss                                     0x20000170   Section      564  robot.o(.bss)
    SBUS_rx_buf                              0x20000170   Data          72  robot.o(.bss)
    ret                                      0x20000398   Data          12  robot.o(.bss)
    .bss                                     0x200003a4   Section       82  ros_to_stm32.o(.bss)
    SBUS_rx_buf                              0x200003a4   Data          72  ros_to_stm32.o(.bss)
    .bss                                     0x200003f8   Section      740  tasks.o(.bss)
    pxReadyTasksLists                        0x200003f8   Data         640  tasks.o(.bss)
    xDelayedTaskList1                        0x20000678   Data          20  tasks.o(.bss)
    xDelayedTaskList2                        0x2000068c   Data          20  tasks.o(.bss)
    xPendingReadyList                        0x200006a0   Data          20  tasks.o(.bss)
    xTasksWaitingTermination                 0x200006b4   Data          20  tasks.o(.bss)
    xSuspendedTaskList                       0x200006c8   Data          20  tasks.o(.bss)
    STACK                                    0x200006e0   Section     1024  startup_stm32f40_41xxx.o(STACK)

    Global Symbols

    Symbol Name                              Value     Ov Type        Size  Object(Section)

    BuildAttributes$$THM_ISAv4$E$P$D$K$B$S$7EM$VFPi3$EXTD16$VFPS$VFMA$PE$A:L22UL41UL21$X:L11$S22US41US21$IEEE1$IW$USESV6$~STKCKD$USESV7$~SHL$OTIME$ROPI$IEEEX$EBA8$MICROLIB$REQ8$PRES8$EABIv2 0x00000000   Number         0  anon$$obj.o ABSOLUTE
    __ARM_use_no_argv                        0x00000000   Number         0  main.o ABSOLUTE
    _printf_a                                0x00000000   Number         0  stubs.o ABSOLUTE
    _printf_c                                0x00000000   Number         0  stubs.o ABSOLUTE
    _printf_charcount                        0x00000000   Number         0  stubs.o ABSOLUTE
    _printf_d                                0x00000000   Number         0  stubs.o ABSOLUTE
    _printf_e                                0x00000000   Number         0  stubs.o ABSOLUTE
    _printf_f                                0x00000000   Number         0  stubs.o ABSOLUTE
    _printf_flags                            0x00000000   Number         0  stubs.o ABSOLUTE
    _printf_fp_dec                           0x00000000   Number         0  stubs.o ABSOLUTE
    _printf_fp_hex                           0x00000000   Number         0  stubs.o ABSOLUTE
    _printf_g                                0x00000000   Number         0  stubs.o ABSOLUTE
    _printf_i                                0x00000000   Number         0  stubs.o ABSOLUTE
    _printf_int_dec                          0x00000000   Number         0  stubs.o ABSOLUTE
    _printf_l                                0x00000000   Number         0  stubs.o ABSOLUTE
    _printf_lc                               0x00000000   Number         0  stubs.o ABSOLUTE
    _printf_ll                               0x00000000   Number         0  stubs.o ABSOLUTE
    _printf_lld                              0x00000000   Number         0  stubs.o ABSOLUTE
    _printf_lli                              0x00000000   Number         0  stubs.o ABSOLUTE
    _printf_llo                              0x00000000   Number         0  stubs.o ABSOLUTE
    _printf_llu                              0x00000000   Number         0  stubs.o ABSOLUTE
    _printf_llx                              0x00000000   Number         0  stubs.o ABSOLUTE
    _printf_longlong_dec                     0x00000000   Number         0  stubs.o ABSOLUTE
    _printf_longlong_hex                     0x00000000   Number         0  stubs.o ABSOLUTE
    _printf_longlong_oct                     0x00000000   Number         0  stubs.o ABSOLUTE
    _printf_ls                               0x00000000   Number         0  stubs.o ABSOLUTE
    _printf_mbtowc                           0x00000000   Number         0  stubs.o ABSOLUTE
    _printf_n                                0x00000000   Number         0  stubs.o ABSOLUTE
    _printf_o                                0x00000000   Number         0  stubs.o ABSOLUTE
    _printf_p                                0x00000000   Number         0  stubs.o ABSOLUTE
    _printf_percent                          0x00000000   Number         0  stubs.o ABSOLUTE
    _printf_pre_padding                      0x00000000   Number         0  stubs.o ABSOLUTE
    _printf_return_value                     0x00000000   Number         0  stubs.o ABSOLUTE
    _printf_s                                0x00000000   Number         0  stubs.o ABSOLUTE
    _printf_sizespec                         0x00000000   Number         0  stubs.o ABSOLUTE
    _printf_str                              0x00000000   Number         0  stubs.o ABSOLUTE
    _printf_truncate_signed                  0x00000000   Number         0  stubs.o ABSOLUTE
    _printf_truncate_unsigned                0x00000000   Number         0  stubs.o ABSOLUTE
    _printf_u                                0x00000000   Number         0  stubs.o ABSOLUTE
    _printf_wc                               0x00000000   Number         0  stubs.o ABSOLUTE
    _printf_wctomb                           0x00000000   Number         0  stubs.o ABSOLUTE
    _printf_widthprec                        0x00000000   Number         0  stubs.o ABSOLUTE
    _printf_x                                0x00000000   Number         0  stubs.o ABSOLUTE
    __arm_fini_                               - Undefined Weak Reference
    __cpp_initialize__aeabi_                  - Undefined Weak Reference
    __cxa_finalize                            - Undefined Weak Reference
    __decompress                              - Undefined Weak Reference
    _clock_init                               - Undefined Weak Reference
    _microlib_exit                            - Undefined Weak Reference
    __Vectors_Size                           0x00000188   Number         0  startup_stm32f40_41xxx.o ABSOLUTE
    __Vectors                                0x08000000   Data           4  startup_stm32f40_41xxx.o(RESET)
    __Vectors_End                            0x08000188   Data           0  startup_stm32f40_41xxx.o(RESET)
    __main                                   0x08000189   Thumb Code     0  entry.o(.ARM.Collect$$$$00000000)
    _main_stk                                0x08000189   Thumb Code     0  entry2.o(.ARM.Collect$$$$00000001)
    _main_scatterload                        0x0800018d   Thumb Code     0  entry5.o(.ARM.Collect$$$$00000004)
    __main_after_scatterload                 0x08000191   Thumb Code     0  entry5.o(.ARM.Collect$$$$00000004)
    _main_clock                              0x08000191   Thumb Code     0  entry7b.o(.ARM.Collect$$$$00000008)
    _main_cpp_init                           0x08000191   Thumb Code     0  entry8b.o(.ARM.Collect$$$$0000000A)
    _main_init                               0x08000191   Thumb Code     0  entry9a.o(.ARM.Collect$$$$0000000B)
    __rt_lib_shutdown_fini                   0x08000199   Thumb Code     0  entry12b.o(.ARM.Collect$$$$0000000E)
    __rt_final_cpp                           0x0800019d   Thumb Code     0  entry10a.o(.ARM.Collect$$$$0000000F)
    __rt_final_exit                          0x0800019d   Thumb Code     0  entry11a.o(.ARM.Collect$$$$00000011)
    SVC_Handler                              0x080001a1   Thumb Code    28  port.o(.emb_text)
    __asm___6_port_c_39a90d8d__prvStartFirstTask 0x080001c1   Thumb Code    36  port.o(.emb_text)
    __asm___6_port_c_39a90d8d__prvEnableVFP  0x080001e9   Thumb Code    16  port.o(.emb_text)
    PendSV_Handler                           0x080001fd   Thumb Code    88  port.o(.emb_text)
    vPortGetIPSR                             0x08000259   Thumb Code     6  port.o(.emb_text)
    Reset_Handler                            0x08000261   Thumb Code     8  startup_stm32f40_41xxx.o(.text)
    ADC_IRQHandler                           0x0800027b   Thumb Code     0  startup_stm32f40_41xxx.o(.text)
    CAN1_RX1_IRQHandler                      0x0800027b   Thumb Code     0  startup_stm32f40_41xxx.o(.text)
    CAN1_SCE_IRQHandler                      0x0800027b   Thumb Code     0  startup_stm32f40_41xxx.o(.text)
    CAN1_TX_IRQHandler                       0x0800027b   Thumb Code     0  startup_stm32f40_41xxx.o(.text)
    CAN2_RX0_IRQHandler                      0x0800027b   Thumb Code     0  startup_stm32f40_41xxx.o(.text)
    CAN2_SCE_IRQHandler                      0x0800027b   Thumb Code     0  startup_stm32f40_41xxx.o(.text)
    CAN2_TX_IRQHandler                       0x0800027b   Thumb Code     0  startup_stm32f40_41xxx.o(.text)
    CRYP_IRQHandler                          0x0800027b   Thumb Code     0  startup_stm32f40_41xxx.o(.text)
    DCMI_IRQHandler                          0x0800027b   Thumb Code     0  startup_stm32f40_41xxx.o(.text)
    DMA1_Stream0_IRQHandler                  0x0800027b   Thumb Code     0  startup_stm32f40_41xxx.o(.text)
    DMA1_Stream1_IRQHandler                  0x0800027b   Thumb Code     0  startup_stm32f40_41xxx.o(.text)
    DMA1_Stream2_IRQHandler                  0x0800027b   Thumb Code     0  startup_stm32f40_41xxx.o(.text)
    DMA1_Stream3_IRQHandler                  0x0800027b   Thumb Code     0  startup_stm32f40_41xxx.o(.text)
    DMA1_Stream4_IRQHandler                  0x0800027b   Thumb Code     0  startup_stm32f40_41xxx.o(.text)
    DMA1_Stream5_IRQHandler                  0x0800027b   Thumb Code     0  startup_stm32f40_41xxx.o(.text)
    DMA1_Stream6_IRQHandler                  0x0800027b   Thumb Code     0  startup_stm32f40_41xxx.o(.text)
    DMA1_Stream7_IRQHandler                  0x0800027b   Thumb Code     0  startup_stm32f40_41xxx.o(.text)
    DMA2_Stream0_IRQHandler                  0x0800027b   Thumb Code     0  startup_stm32f40_41xxx.o(.text)
    DMA2_Stream1_IRQHandler                  0x0800027b   Thumb Code     0  startup_stm32f40_41xxx.o(.text)
    DMA2_Stream2_IRQHandler                  0x0800027b   Thumb Code     0  startup_stm32f40_41xxx.o(.text)
    DMA2_Stream3_IRQHandler                  0x0800027b   Thumb Code     0  startup_stm32f40_41xxx.o(.text)
    DMA2_Stream4_IRQHandler                  0x0800027b   Thumb Code     0  startup_stm32f40_41xxx.o(.text)
    DMA2_Stream5_IRQHandler                  0x0800027b   Thumb Code     0  startup_stm32f40_41xxx.o(.text)
    DMA2_Stream6_IRQHandler                  0x0800027b   Thumb Code     0  startup_stm32f40_41xxx.o(.text)
    DMA2_Stream7_IRQHandler                  0x0800027b   Thumb Code     0  startup_stm32f40_41xxx.o(.text)
    ETH_IRQHandler                           0x0800027b   Thumb Code     0  startup_stm32f40_41xxx.o(.text)
    ETH_WKUP_IRQHandler                      0x0800027b   Thumb Code     0  startup_stm32f40_41xxx.o(.text)
    EXTI0_IRQHandler                         0x0800027b   Thumb Code     0  startup_stm32f40_41xxx.o(.text)
    EXTI15_10_IRQHandler                     0x0800027b   Thumb Code     0  startup_stm32f40_41xxx.o(.text)
    EXTI1_IRQHandler                         0x0800027b   Thumb Code     0  startup_stm32f40_41xxx.o(.text)
    EXTI2_IRQHandler                         0x0800027b   Thumb Code     0  startup_stm32f40_41xxx.o(.text)
    EXTI3_IRQHandler                         0x0800027b   Thumb Code     0  startup_stm32f40_41xxx.o(.text)
    EXTI4_IRQHandler                         0x0800027b   Thumb Code     0  startup_stm32f40_41xxx.o(.text)
    EXTI9_5_IRQHandler                       0x0800027b   Thumb Code     0  startup_stm32f40_41xxx.o(.text)
    FLASH_IRQHandler                         0x0800027b   Thumb Code     0  startup_stm32f40_41xxx.o(.text)
    FPU_IRQHandler                           0x0800027b   Thumb Code     0  startup_stm32f40_41xxx.o(.text)
    FSMC_IRQHandler                          0x0800027b   Thumb Code     0  startup_stm32f40_41xxx.o(.text)
    HASH_RNG_IRQHandler                      0x0800027b   Thumb Code     0  startup_stm32f40_41xxx.o(.text)
    I2C1_ER_IRQHandler                       0x0800027b   Thumb Code     0  startup_stm32f40_41xxx.o(.text)
    I2C1_EV_IRQHandler                       0x0800027b   Thumb Code     0  startup_stm32f40_41xxx.o(.text)
    I2C2_ER_IRQHandler                       0x0800027b   Thumb Code     0  startup_stm32f40_41xxx.o(.text)
    I2C2_EV_IRQHandler                       0x0800027b   Thumb Code     0  startup_stm32f40_41xxx.o(.text)
    I2C3_ER_IRQHandler                       0x0800027b   Thumb Code     0  startup_stm32f40_41xxx.o(.text)
    I2C3_EV_IRQHandler                       0x0800027b   Thumb Code     0  startup_stm32f40_41xxx.o(.text)
    OTG_FS_IRQHandler                        0x0800027b   Thumb Code     0  startup_stm32f40_41xxx.o(.text)
    OTG_FS_WKUP_IRQHandler                   0x0800027b   Thumb Code     0  startup_stm32f40_41xxx.o(.text)
    OTG_HS_EP1_IN_IRQHandler                 0x0800027b   Thumb Code     0  startup_stm32f40_41xxx.o(.text)
    OTG_HS_EP1_OUT_IRQHandler                0x0800027b   Thumb Code     0  startup_stm32f40_41xxx.o(.text)
    OTG_HS_IRQHandler                        0x0800027b   Thumb Code     0  startup_stm32f40_41xxx.o(.text)
    OTG_HS_WKUP_IRQHandler                   0x0800027b   Thumb Code     0  startup_stm32f40_41xxx.o(.text)
    PVD_IRQHandler                           0x0800027b   Thumb Code     0  startup_stm32f40_41xxx.o(.text)
    RCC_IRQHandler                           0x0800027b   Thumb Code     0  startup_stm32f40_41xxx.o(.text)
    RTC_Alarm_IRQHandler                     0x0800027b   Thumb Code     0  startup_stm32f40_41xxx.o(.text)
    RTC_WKUP_IRQHandler                      0x0800027b   Thumb Code     0  startup_stm32f40_41xxx.o(.text)
    SDIO_IRQHandler                          0x0800027b   Thumb Code     0  startup_stm32f40_41xxx.o(.text)
    SPI1_IRQHandler                          0x0800027b   Thumb Code     0  startup_stm32f40_41xxx.o(.text)
    SPI2_IRQHandler                          0x0800027b   Thumb Code     0  startup_stm32f40_41xxx.o(.text)
    SPI3_IRQHandler                          0x0800027b   Thumb Code     0  startup_stm32f40_41xxx.o(.text)
    TAMP_STAMP_IRQHandler                    0x0800027b   Thumb Code     0  startup_stm32f40_41xxx.o(.text)
    TIM1_BRK_TIM9_IRQHandler                 0x0800027b   Thumb Code     0  startup_stm32f40_41xxx.o(.text)
    TIM1_CC_IRQHandler                       0x0800027b   Thumb Code     0  startup_stm32f40_41xxx.o(.text)
    TIM1_TRG_COM_TIM11_IRQHandler            0x0800027b   Thumb Code     0  startup_stm32f40_41xxx.o(.text)
    TIM1_UP_TIM10_IRQHandler                 0x0800027b   Thumb Code     0  startup_stm32f40_41xxx.o(.text)
    TIM2_IRQHandler                          0x0800027b   Thumb Code     0  startup_stm32f40_41xxx.o(.text)
    TIM3_IRQHandler                          0x0800027b   Thumb Code     0  startup_stm32f40_41xxx.o(.text)
    TIM4_IRQHandler                          0x0800027b   Thumb Code     0  startup_stm32f40_41xxx.o(.text)
    TIM5_IRQHandler                          0x0800027b   Thumb Code     0  startup_stm32f40_41xxx.o(.text)
    TIM6_DAC_IRQHandler                      0x0800027b   Thumb Code     0  startup_stm32f40_41xxx.o(.text)
    TIM7_IRQHandler                          0x0800027b   Thumb Code     0  startup_stm32f40_41xxx.o(.text)
    TIM8_BRK_TIM12_IRQHandler                0x0800027b   Thumb Code     0  startup_stm32f40_41xxx.o(.text)
    TIM8_CC_IRQHandler                       0x0800027b   Thumb Code     0  startup_stm32f40_41xxx.o(.text)
    TIM8_TRG_COM_TIM14_IRQHandler            0x0800027b   Thumb Code     0  startup_stm32f40_41xxx.o(.text)
    TIM8_UP_TIM13_IRQHandler                 0x0800027b   Thumb Code     0  startup_stm32f40_41xxx.o(.text)
    UART4_IRQHandler                         0x0800027b   Thumb Code     0  startup_stm32f40_41xxx.o(.text)
    UART5_IRQHandler                         0x0800027b   Thumb Code     0  startup_stm32f40_41xxx.o(.text)
    USART3_IRQHandler                        0x0800027b   Thumb Code     0  startup_stm32f40_41xxx.o(.text)
    WWDG_IRQHandler                          0x0800027b   Thumb Code     0  startup_stm32f40_41xxx.o(.text)
    __aeabi_memcpy                           0x08000285   Thumb Code    36  memcpya.o(.text)
    __aeabi_memcpy4                          0x08000285   Thumb Code     0  memcpya.o(.text)
    __aeabi_memcpy8                          0x08000285   Thumb Code     0  memcpya.o(.text)
    __aeabi_dadd                             0x080002a9   Thumb Code   322  dadd.o(.text)
    __aeabi_dsub                             0x080003eb   Thumb Code     6  dadd.o(.text)
    __aeabi_drsub                            0x080003f1   Thumb Code     6  dadd.o(.text)
    __aeabi_dmul                             0x080003f7   Thumb Code   228  dmul.o(.text)
    __aeabi_ddiv                             0x080004db   Thumb Code   222  ddiv.o(.text)
    __aeabi_i2d                              0x080005b9   Thumb Code    34  dflti.o(.text)
    __aeabi_f2d                              0x080005db   Thumb Code    38  f2d.o(.text)
    __aeabi_d2f                              0x08000601   Thumb Code    56  d2f.o(.text)
    __aeabi_uidiv                            0x08000639   Thumb Code     0  uidiv.o(.text)
    __aeabi_uidivmod                         0x08000639   Thumb Code    44  uidiv.o(.text)
    __aeabi_llsl                             0x08000665   Thumb Code    30  llshl.o(.text)
    _ll_shift_l                              0x08000665   Thumb Code     0  llshl.o(.text)
    __aeabi_lasr                             0x08000683   Thumb Code    36  llsshr.o(.text)
    _ll_sshift_r                             0x08000683   Thumb Code     0  llsshr.o(.text)
    __I$use$fp                               0x080006a7   Thumb Code     0  iusefp.o(.text)
    _float_round                             0x080006a7   Thumb Code    18  fepilogue.o(.text)
    _float_epilogue                          0x080006b9   Thumb Code    92  fepilogue.o(.text)
    _double_round                            0x08000715   Thumb Code    30  depilogue.o(.text)
    _double_epilogue                         0x08000733   Thumb Code   156  depilogue.o(.text)
    __scatterload                            0x080007d1   Thumb Code    28  init.o(.text)
    __scatterload_rt2                        0x080007d1   Thumb Code     0  init.o(.text)
    __aeabi_llsr                             0x080007f5   Thumb Code    32  llushr.o(.text)
    __semihosting_library_function           0x080007f5   Thumb Code     0  semi.o(.text)
    _ll_ushift_r                             0x080007f5   Thumb Code     0  llushr.o(.text)
    __I$use$semihosting$fputc                0x08000815   Thumb Code     0  iusesemip.o(.text)
    __aeabi_ui2d                             0x08000815   Thumb Code    26  dfltui.o(.text)
    __aeabi_d2iz                             0x0800082f   Thumb Code    62  dfixi.o(.text)
    BusFault_Handler                         0x0800086d   Thumb Code     4  stm32f4xx_it.o(i.BusFault_Handler)
    CAN1_Mode_Init                           0x08000871   Thumb Code   248  can.o(i.CAN1_Mode_Init)
    CAN1_RX0_IRQHandler                      0x08000971   Thumb Code   694  canrecive.o(i.CAN1_RX0_IRQHandler)
    CAN2_Mode_Init                           0x08000c35   Thumb Code   248  can.o(i.CAN2_Mode_Init)
    CAN2_RX1_IRQHandler                      0x08000d35   Thumb Code   694  canrecive.o(i.CAN2_RX1_IRQHandler)
    CAN_FilterInit                           0x08000ff9   Thumb Code   258  stm32f4xx_can.o(i.CAN_FilterInit)
    CAN_ITConfig                             0x08001101   Thumb Code    18  stm32f4xx_can.o(i.CAN_ITConfig)
    CAN_Init                                 0x08001113   Thumb Code   276  stm32f4xx_can.o(i.CAN_Init)
    CAN_Receive                              0x08001227   Thumb Code   240  stm32f4xx_can.o(i.CAN_Receive)
    CAN_Transmit                             0x08001317   Thumb Code   294  stm32f4xx_can.o(i.CAN_Transmit)
    DMA_ClearFlag                            0x0800143d   Thumb Code    38  stm32f4xx_dma.o(i.DMA_ClearFlag)
    DMA_Cmd                                  0x08001471   Thumb Code    22  stm32f4xx_dma.o(i.DMA_Cmd)
    DMA_DeInit                               0x08001489   Thumb Code   324  stm32f4xx_dma.o(i.DMA_DeInit)
    DMA_DoubleBufferModeCmd                  0x080015e1   Thumb Code    22  stm32f4xx_dma.o(i.DMA_DoubleBufferModeCmd)
    DMA_DoubleBufferModeConfig               0x080015f7   Thumb Code    24  stm32f4xx_dma.o(i.DMA_DoubleBufferModeConfig)
    DMA_GetCurrDataCounter                   0x0800160f   Thumb Code     8  stm32f4xx_dma.o(i.DMA_GetCurrDataCounter)
    DMA_GetCurrentMemoryTarget               0x08001617   Thumb Code    20  stm32f4xx_dma.o(i.DMA_GetCurrentMemoryTarget)
    DMA_Init                                 0x0800162d   Thumb Code    82  stm32f4xx_dma.o(i.DMA_Init)
    DMA_SetCurrDataCounter                   0x08001685   Thumb Code     4  stm32f4xx_dma.o(i.DMA_SetCurrDataCounter)
    DebugMon_Handler                         0x08001689   Thumb Code     2  stm32f4xx_it.o(i.DebugMon_Handler)
    GPIO_Init                                0x0800168b   Thumb Code   144  stm32f4xx_gpio.o(i.GPIO_Init)
    GPIO_PinAFConfig                         0x0800171b   Thumb Code    70  stm32f4xx_gpio.o(i.GPIO_PinAFConfig)
    HardFault_Handler                        0x08001761   Thumb Code     4  stm32f4xx_it.o(i.HardFault_Handler)
    MemManage_Handler                        0x08001765   Thumb Code     4  stm32f4xx_it.o(i.MemManage_Handler)
    NMI_Handler                              0x08001769   Thumb Code     2  stm32f4xx_it.o(i.NMI_Handler)
    NVIC_Init                                0x0800176d   Thumb Code   106  misc.o(i.NVIC_Init)
    PID_calc                                 0x080017e5   Thumb Code   512  pid.o(i.PID_calc)
    PID_init                                 0x080019e9   Thumb Code    76  pid.o(i.PID_init)
    RCC_AHB1PeriphClockCmd                   0x08001a39   Thumb Code    26  stm32f4xx_rcc.o(i.RCC_AHB1PeriphClockCmd)
    RCC_APB1PeriphClockCmd                   0x08001a59   Thumb Code    26  stm32f4xx_rcc.o(i.RCC_APB1PeriphClockCmd)
    RCC_APB1PeriphResetCmd                   0x08001a79   Thumb Code    26  stm32f4xx_rcc.o(i.RCC_APB1PeriphResetCmd)
    RCC_APB2PeriphClockCmd                   0x08001a99   Thumb Code    26  stm32f4xx_rcc.o(i.RCC_APB2PeriphClockCmd)
    RCC_APB2PeriphResetCmd                   0x08001ab9   Thumb Code    26  stm32f4xx_rcc.o(i.RCC_APB2PeriphResetCmd)
    RCC_GetClocksFreq                        0x08001ad9   Thumb Code   214  stm32f4xx_rcc.o(i.RCC_GetClocksFreq)
    SysTick_CLKSourceConfig                  0x08001da9   Thumb Code    40  misc.o(i.SysTick_CLKSourceConfig)
    SysTick_Handler                          0x08001dd1   Thumb Code    16  delay.o(i.SysTick_Handler)
    SystemInit                               0x08001de1   Thumb Code    88  system_stm32f4xx.o(i.SystemInit)
    USART1_IRQHandler                        0x08001e49   Thumb Code   118  my_controller.o(i.USART1_IRQHandler)
    USART2_IRQHandler                        0x08001ecd   Thumb Code   222  remote_control.o(i.USART2_IRQHandler)
    USART6_IRQHandler                        0x08001fc5   Thumb Code   232  ros_to_stm32.o(i.USART6_IRQHandler)
    USART_ClearFlag                          0x080020c9   Thumb Code    18  stm32f4xx_usart.o(i.USART_ClearFlag)
    USART_ClearITPendingBit                  0x080020db   Thumb Code    30  stm32f4xx_usart.o(i.USART_ClearITPendingBit)
    USART_Cmd                                0x080020f9   Thumb Code    24  stm32f4xx_usart.o(i.USART_Cmd)
    USART_DMACmd                             0x08002111   Thumb Code    18  stm32f4xx_usart.o(i.USART_DMACmd)
    USART_DeInit                             0x08002125   Thumb Code   206  stm32f4xx_usart.o(i.USART_DeInit)
    USART_GetITStatus                        0x08002215   Thumb Code    84  stm32f4xx_usart.o(i.USART_GetITStatus)
    USART_ITConfig                           0x08002269   Thumb Code    74  stm32f4xx_usart.o(i.USART_ITConfig)
    USART_Init                               0x080022b5   Thumb Code   204  stm32f4xx_usart.o(i.USART_Init)
    USART_ReceiveData                        0x08002389   Thumb Code    10  stm32f4xx_usart.o(i.USART_ReceiveData)
    UsageFault_Handler                       0x08002393   Thumb Code     4  stm32f4xx_it.o(i.UsageFault_Handler)
    __0printf$3                              0x08002399   Thumb Code    22  printf3.o(i.__0printf$3)
    __1printf$3                              0x08002399   Thumb Code     0  printf3.o(i.__0printf$3)
    __2printf                                0x08002399   Thumb Code     0  printf3.o(i.__0printf$3)
    __ARM_fpclassify                         0x080023b9   Thumb Code    48  fpclassify.o(i.__ARM_fpclassify)
    __hardfp_cos                             0x080023e9   Thumb Code   180  cos.o(i.__hardfp_cos)
    __hardfp_sin                             0x080024b1   Thumb Code   180  sin.o(i.__hardfp_sin)
    __ieee754_rem_pio2                       0x08002579   Thumb Code   938  rred.o(i.__ieee754_rem_pio2)
    __kernel_cos                             0x080029b1   Thumb Code   322  cos_i.o(i.__kernel_cos)
    __kernel_poly                            0x08002b21   Thumb Code   248  poly.o(i.__kernel_poly)
    __kernel_sin                             0x08002c19   Thumb Code   280  sin_i.o(i.__kernel_sin)
    __mathlib_dbl_infnan                     0x08002d49   Thumb Code    20  dunder.o(i.__mathlib_dbl_infnan)
    __mathlib_dbl_invalid                    0x08002d61   Thumb Code    24  dunder.o(i.__mathlib_dbl_invalid)
    __mathlib_dbl_underflow                  0x08002d81   Thumb Code    24  dunder.o(i.__mathlib_dbl_underflow)
    __scatterload_copy                       0x08002da1   Thumb Code    14  handlers.o(i.__scatterload_copy)
    __scatterload_null                       0x08002daf   Thumb Code     2  handlers.o(i.__scatterload_null)
    __scatterload_zeroinit                   0x08002db1   Thumb Code    14  handlers.o(i.__scatterload_zeroinit)
    __set_errno                              0x08002dc1   Thumb Code     6  errno.o(i.__set_errno)
    chassis_cal                              0x08002f85   Thumb Code   348  robot.o(i.chassis_cal)
    chassis_control                          0x080030f5   Thumb Code   178  robot.o(i.chassis_control)
    chassis_drive                            0x080031b1   Thumb Code   352  robot.o(i.chassis_drive)
    controller_callback                      0x08003315   Thumb Code     2  robot.o(i.controller_callback)
    delay_init                               0x08003319   Thumb Code    58  delay.o(i.delay_init)
    delay_ms                                 0x0800335d   Thumb Code    60  delay.o(i.delay_ms)
    delay_us                                 0x0800339d   Thumb Code    68  delay.o(i.delay_us)
    fabs                                     0x080033e5   Thumb Code    24  fabs.o(i.fabs)
    fputc                                    0x080033fd   Thumb Code    18  fputc.o(i.fputc)
    main                                     0x08003411   Thumb Code    36  main.o(i.main)
    motor_send_3508                          0x0800343d   Thumb Code    94  canrecive.o(i.motor_send_3508)
    remote_control_init                      0x08003591   Thumb Code    16  remote_control.o(i.remote_control_init)
    robot_init                               0x080035a5   Thumb Code   288  robot.o(i.robot_init)
    ros_control_cal                          0x080036d9   Thumb Code   306  robot.o(i.ros_control_cal)
    ros_to_stm32_init                        0x08003831   Thumb Code    12  ros_to_stm32.o(i.ros_to_stm32_init)
    usart2_Init                              0x0800383d   Thumb Code   332  usart.o(i.usart2_Init)
    usart6_init                              0x08003999   Thumb Code   184  usart.o(i.usart6_init)
    uxListRemove                             0x08003a59   Thumb Code    40  list.o(i.uxListRemove)
    vListInsert                              0x08003a81   Thumb Code    52  list.o(i.vListInsert)
    vPortEnterCritical                       0x08003ab5   Thumb Code    68  port.o(i.vPortEnterCritical)
    vPortExitCritical                        0x08003b15   Thumb Code    48  port.o(i.vPortExitCritical)
    vTaskDelay                               0x08003b5d   Thumb Code    72  tasks.o(i.vTaskDelay)
    vTaskSuspendAll                          0x08003bc1   Thumb Code    12  tasks.o(i.vTaskSuspendAll)
    vTaskSwitchContext                       0x08003bd1   Thumb Code   110  tasks.o(i.vTaskSwitchContext)
    xPortSysTickHandler                      0x08003c69   Thumb Code    46  port.o(i.xPortSysTickHandler)
    xTaskGetSchedulerState                   0x08003c9d   Thumb Code    24  tasks.o(i.xTaskGetSchedulerState)
    xTaskIncrementTick                       0x08003cbd   Thumb Code   388  tasks.o(i.xTaskIncrementTick)
    xTaskResumeAll                           0x08003e81   Thumb Code   328  tasks.o(i.xTaskResumeAll)
    Region$$Table$$Base                      0x080041d8   Number         0  anon$$obj.o(Region$$Table)
    Region$$Table$$Limit                     0x080041f8   Number         0  anon$$obj.o(Region$$Table)
    ccc                                      0x20000018   Data           4  robot.o(.data)
    linear                                   0x2000001c   Data           4  ros_to_stm32.o(.data)
    angle                                    0x20000020   Data           4  ros_to_stm32.o(.data)
    pxCurrentTCB                             0x20000030   Data           4  tasks.o(.data)
    uxTopUsedPriority                        0x20000068   Data           4  tasks.o(.data)
    __stdout                                 0x2000007c   Data           4  stdout.o(.data)
    rc_ctrl                                  0x200000cc   Data          52  remote_control.o(.bss)
    Rx1Message                               0x20000148   Data          20  canrecive.o(.bss)
    Rx2Message                               0x2000015c   Data          20  canrecive.o(.bss)
    robot                                    0x200001b8   Data         468  robot.o(.bss)
    _ret                                     0x2000038c   Data          12  robot.o(.bss)
    usart6_buffers                           0x200003ec   Data          10  ros_to_stm32.o(.bss)
    __initial_sp                             0x20000ae0   Data           0  startup_stm32f40_41xxx.o(STACK)



==============================================================================

Memory Map of the image

  Image Entry point : 0x08000189

  Load Region LR_IROM1 (Base: 0x08000000, Size: 0x0000427c, Max: 0x00100000, ABSOLUTE)

    Execution Region ER_IROM1 (Exec base: 0x08000000, Load base: 0x08000000, Size: 0x000041f8, Max: 0x00100000, ABSOLUTE)

    Exec Addr    Load Addr    Size         Type   Attr      Idx    E Section Name        Object

    0x08000000   0x08000000   0x00000188   Data   RO          265    RESET               startup_stm32f40_41xxx.o
    0x08000188   0x08000188   0x00000000   Code   RO         6803  * .ARM.Collect$$$$00000000  mc_w.l(entry.o)
    0x08000188   0x08000188   0x00000004   Code   RO         7119    .ARM.Collect$$$$00000001  mc_w.l(entry2.o)
    0x0800018c   0x0800018c   0x00000004   Code   RO         7122    .ARM.Collect$$$$00000004  mc_w.l(entry5.o)
    0x08000190   0x08000190   0x00000000   Code   RO         7124    .ARM.Collect$$$$00000008  mc_w.l(entry7b.o)
    0x08000190   0x08000190   0x00000000   Code   RO         7126    .ARM.Collect$$$$0000000A  mc_w.l(entry8b.o)
    0x08000190   0x08000190   0x00000008   Code   RO         7127    .ARM.Collect$$$$0000000B  mc_w.l(entry9a.o)
    0x08000198   0x08000198   0x00000004   Code   RO         7134    .ARM.Collect$$$$0000000E  mc_w.l(entry12b.o)
    0x0800019c   0x0800019c   0x00000000   Code   RO         7129    .ARM.Collect$$$$0000000F  mc_w.l(entry10a.o)
    0x0800019c   0x0800019c   0x00000000   Code   RO         7131    .ARM.Collect$$$$00000011  mc_w.l(entry11a.o)
    0x0800019c   0x0800019c   0x00000004   Code   RO         7120    .ARM.Collect$$$$00002712  mc_w.l(entry2.o)
    0x080001a0   0x080001a0   0x000000be   Code   RO         6695    .emb_text           port.o
    0x0800025e   0x0800025e   0x00000002   PAD
    0x08000260   0x08000260   0x00000024   Code   RO          266    .text               startup_stm32f40_41xxx.o
    0x08000284   0x08000284   0x00000024   Code   RO         6806    .text               mc_w.l(memcpya.o)
    0x080002a8   0x080002a8   0x0000014e   Code   RO         7079    .text               mf_w.l(dadd.o)
    0x080003f6   0x080003f6   0x000000e4   Code   RO         7081    .text               mf_w.l(dmul.o)
    0x080004da   0x080004da   0x000000de   Code   RO         7083    .text               mf_w.l(ddiv.o)
    0x080005b8   0x080005b8   0x00000022   Code   RO         7085    .text               mf_w.l(dflti.o)
    0x080005da   0x080005da   0x00000026   Code   RO         7087    .text               mf_w.l(f2d.o)
    0x08000600   0x08000600   0x00000038   Code   RO         7089    .text               mf_w.l(d2f.o)
    0x08000638   0x08000638   0x0000002c   Code   RO         7138    .text               mc_w.l(uidiv.o)
    0x08000664   0x08000664   0x0000001e   Code   RO         7142    .text               mc_w.l(llshl.o)
    0x08000682   0x08000682   0x00000024   Code   RO         7144    .text               mc_w.l(llsshr.o)
    0x080006a6   0x080006a6   0x00000000   Code   RO         7153    .text               mc_w.l(iusefp.o)
    0x080006a6   0x080006a6   0x0000006e   Code   RO         7154    .text               mf_w.l(fepilogue.o)
    0x08000714   0x08000714   0x000000ba   Code   RO         7156    .text               mf_w.l(depilogue.o)
    0x080007ce   0x080007ce   0x00000002   PAD
    0x080007d0   0x080007d0   0x00000024   Code   RO         7174    .text               mc_w.l(init.o)
    0x080007f4   0x080007f4   0x00000000   Code   RO         7176    .text               mc_w.l(semi.o)
    0x080007f4   0x080007f4   0x00000020   Code   RO         7177    .text               mc_w.l(llushr.o)
    0x08000814   0x08000814   0x00000000   Code   RO         7179    .text               mc_w.l(iusesemip.o)
    0x08000814   0x08000814   0x0000001a   Code   RO         7180    .text               mf_w.l(dfltui.o)
    0x0800082e   0x0800082e   0x0000003e   Code   RO         7182    .text               mf_w.l(dfixi.o)
    0x0800086c   0x0800086c   0x00000004   Code   RO          175    i.BusFault_Handler  stm32f4xx_it.o
    0x08000870   0x08000870   0x00000100   Code   RO         5385    i.CAN1_Mode_Init    can.o
    0x08000970   0x08000970   0x000002c4   Code   RO         5170    i.CAN1_RX0_IRQHandler  canrecive.o
    0x08000c34   0x08000c34   0x00000100   Code   RO         5386    i.CAN2_Mode_Init    can.o
    0x08000d34   0x08000d34   0x000002c4   Code   RO         5171    i.CAN2_RX1_IRQHandler  canrecive.o
    0x08000ff8   0x08000ff8   0x00000108   Code   RO          564    i.CAN_FilterInit    stm32f4xx_can.o
    0x08001100   0x08001100   0x00000012   Code   RO          570    i.CAN_ITConfig      stm32f4xx_can.o
    0x08001112   0x08001112   0x00000114   Code   RO          571    i.CAN_Init          stm32f4xx_can.o
    0x08001226   0x08001226   0x000000f0   Code   RO          574    i.CAN_Receive       stm32f4xx_can.o
    0x08001316   0x08001316   0x00000126   Code   RO          579    i.CAN_Transmit      stm32f4xx_can.o
    0x0800143c   0x0800143c   0x00000034   Code   RO         1259    i.DMA_ClearFlag     stm32f4xx_dma.o
    0x08001470   0x08001470   0x00000016   Code   RO         1261    i.DMA_Cmd           stm32f4xx_dma.o
    0x08001486   0x08001486   0x00000002   PAD
    0x08001488   0x08001488   0x00000158   Code   RO         1262    i.DMA_DeInit        stm32f4xx_dma.o
    0x080015e0   0x080015e0   0x00000016   Code   RO         1263    i.DMA_DoubleBufferModeCmd  stm32f4xx_dma.o
    0x080015f6   0x080015f6   0x00000018   Code   RO         1264    i.DMA_DoubleBufferModeConfig  stm32f4xx_dma.o
    0x0800160e   0x0800160e   0x00000008   Code   RO         1267    i.DMA_GetCurrDataCounter  stm32f4xx_dma.o
    0x08001616   0x08001616   0x00000014   Code   RO         1268    i.DMA_GetCurrentMemoryTarget  stm32f4xx_dma.o
    0x0800162a   0x0800162a   0x00000002   PAD
    0x0800162c   0x0800162c   0x00000058   Code   RO         1273    i.DMA_Init          stm32f4xx_dma.o
    0x08001684   0x08001684   0x00000004   Code   RO         1276    i.DMA_SetCurrDataCounter  stm32f4xx_dma.o
    0x08001688   0x08001688   0x00000002   Code   RO          176    i.DebugMon_Handler  stm32f4xx_it.o
    0x0800168a   0x0800168a   0x00000090   Code   RO         1995    i.GPIO_Init         stm32f4xx_gpio.o
    0x0800171a   0x0800171a   0x00000046   Code   RO         1996    i.GPIO_PinAFConfig  stm32f4xx_gpio.o
    0x08001760   0x08001760   0x00000004   Code   RO          177    i.HardFault_Handler  stm32f4xx_it.o
    0x08001764   0x08001764   0x00000004   Code   RO          178    i.MemManage_Handler  stm32f4xx_it.o
    0x08001768   0x08001768   0x00000002   Code   RO          179    i.NMI_Handler       stm32f4xx_it.o
    0x0800176a   0x0800176a   0x00000002   PAD
    0x0800176c   0x0800176c   0x00000078   Code   RO          272    i.NVIC_Init         misc.o
    0x080017e4   0x080017e4   0x00000204   Code   RO         5135    i.PID_calc          pid.o
    0x080019e8   0x080019e8   0x00000050   Code   RO         5136    i.PID_init          pid.o
    0x08001a38   0x08001a38   0x00000020   Code   RO         2859    i.RCC_AHB1PeriphClockCmd  stm32f4xx_rcc.o
    0x08001a58   0x08001a58   0x00000020   Code   RO         2868    i.RCC_APB1PeriphClockCmd  stm32f4xx_rcc.o
    0x08001a78   0x08001a78   0x00000020   Code   RO         2870    i.RCC_APB1PeriphResetCmd  stm32f4xx_rcc.o
    0x08001a98   0x08001a98   0x00000020   Code   RO         2871    i.RCC_APB2PeriphClockCmd  stm32f4xx_rcc.o
    0x08001ab8   0x08001ab8   0x00000020   Code   RO         2873    i.RCC_APB2PeriphResetCmd  stm32f4xx_rcc.o
    0x08001ad8   0x08001ad8   0x000000e8   Code   RO         2880    i.RCC_GetClocksFreq  stm32f4xx_rcc.o
    0x08001bc0   0x08001bc0   0x000000fc   Code   RO         5099    i.SBUS_TO_RC        remote_control.o
    0x08001cbc   0x08001cbc   0x000000ec   Code   RO          228    i.SetSysClock       system_stm32f4xx.o
    0x08001da8   0x08001da8   0x00000028   Code   RO          276    i.SysTick_CLKSourceConfig  misc.o
    0x08001dd0   0x08001dd0   0x00000010   Code   RO         5002    i.SysTick_Handler   delay.o
    0x08001de0   0x08001de0   0x00000068   Code   RO          230    i.SystemInit        system_stm32f4xx.o
    0x08001e48   0x08001e48   0x00000084   Code   RO         5306    i.USART1_IRQHandler  my_controller.o
    0x08001ecc   0x08001ecc   0x000000f8   Code   RO         5100    i.USART2_IRQHandler  remote_control.o
    0x08001fc4   0x08001fc4   0x00000104   Code   RO         5273    i.USART6_IRQHandler  ros_to_stm32.o
    0x080020c8   0x080020c8   0x00000012   Code   RO         4752    i.USART_ClearFlag   stm32f4xx_usart.o
    0x080020da   0x080020da   0x0000001e   Code   RO         4753    i.USART_ClearITPendingBit  stm32f4xx_usart.o
    0x080020f8   0x080020f8   0x00000018   Code   RO         4756    i.USART_Cmd         stm32f4xx_usart.o
    0x08002110   0x08002110   0x00000012   Code   RO         4757    i.USART_DMACmd      stm32f4xx_usart.o
    0x08002122   0x08002122   0x00000002   PAD
    0x08002124   0x08002124   0x000000f0   Code   RO         4758    i.USART_DeInit      stm32f4xx_usart.o
    0x08002214   0x08002214   0x00000054   Code   RO         4760    i.USART_GetITStatus  stm32f4xx_usart.o
    0x08002268   0x08002268   0x0000004a   Code   RO         4762    i.USART_ITConfig    stm32f4xx_usart.o
    0x080022b2   0x080022b2   0x00000002   PAD
    0x080022b4   0x080022b4   0x000000d4   Code   RO         4763    i.USART_Init        stm32f4xx_usart.o
    0x08002388   0x08002388   0x0000000a   Code   RO         4770    i.USART_ReceiveData  stm32f4xx_usart.o
    0x08002392   0x08002392   0x00000004   Code   RO          180    i.UsageFault_Handler  stm32f4xx_it.o
    0x08002396   0x08002396   0x00000002   PAD
    0x08002398   0x08002398   0x00000020   Code   RO         6907    i.__0printf$3       mc_w.l(printf3.o)
    0x080023b8   0x080023b8   0x00000030   Code   RO         7170    i.__ARM_fpclassify  m_wm.l(fpclassify.o)
    0x080023e8   0x080023e8   0x000000c8   Code   RO         6779    i.__hardfp_cos      m_wm.l(cos.o)
    0x080024b0   0x080024b0   0x000000c8   Code   RO         6791    i.__hardfp_sin      m_wm.l(sin.o)
    0x08002578   0x08002578   0x00000438   Code   RO         7108    i.__ieee754_rem_pio2  m_wm.l(rred.o)
    0x080029b0   0x080029b0   0x00000170   Code   RO         7091    i.__kernel_cos      m_wm.l(cos_i.o)
    0x08002b20   0x08002b20   0x000000f8   Code   RO         7172    i.__kernel_poly     m_wm.l(poly.o)
    0x08002c18   0x08002c18   0x00000130   Code   RO         7113    i.__kernel_sin      m_wm.l(sin_i.o)
    0x08002d48   0x08002d48   0x00000014   Code   RO         7095    i.__mathlib_dbl_infnan  m_wm.l(dunder.o)
    0x08002d5c   0x08002d5c   0x00000004   PAD
    0x08002d60   0x08002d60   0x00000020   Code   RO         7097    i.__mathlib_dbl_invalid  m_wm.l(dunder.o)
    0x08002d80   0x08002d80   0x00000020   Code   RO         7100    i.__mathlib_dbl_underflow  m_wm.l(dunder.o)
    0x08002da0   0x08002da0   0x0000000e   Code   RO         7186    i.__scatterload_copy  mc_w.l(handlers.o)
    0x08002dae   0x08002dae   0x00000002   Code   RO         7187    i.__scatterload_null  mc_w.l(handlers.o)
    0x08002db0   0x08002db0   0x0000000e   Code   RO         7188    i.__scatterload_zeroinit  mc_w.l(handlers.o)
    0x08002dbe   0x08002dbe   0x00000002   PAD
    0x08002dc0   0x08002dc0   0x0000000c   Code   RO         7148    i.__set_errno       mc_w.l(errno.o)
    0x08002dcc   0x08002dcc   0x000001b8   Code   RO         6914    i._printf_core      mc_w.l(printf3.o)
    0x08002f84   0x08002f84   0x00000170   Code   RO         5215    i.chassis_cal       robot.o
    0x080030f4   0x080030f4   0x000000bc   Code   RO         5216    i.chassis_control   robot.o
    0x080031b0   0x080031b0   0x00000164   Code   RO         5217    i.chassis_drive     robot.o
    0x08003314   0x08003314   0x00000002   Code   RO         5218    i.controller_callback  robot.o
    0x08003316   0x08003316   0x00000002   PAD
    0x08003318   0x08003318   0x00000044   Code   RO         5003    i.delay_init        delay.o
    0x0800335c   0x0800335c   0x00000040   Code   RO         5004    i.delay_ms          delay.o
    0x0800339c   0x0800339c   0x00000048   Code   RO         5005    i.delay_us          delay.o
    0x080033e4   0x080033e4   0x00000018   Code   RO         7166    i.fabs              m_wm.l(fabs.o)
    0x080033fc   0x080033fc   0x00000012   Code   RO         7135    i.fputc             mc_w.l(fputc.o)
    0x0800340e   0x0800340e   0x00000002   PAD
    0x08003410   0x08003410   0x0000002c   Code   RO            3    i.main              main.o
    0x0800343c   0x0800343c   0x00000064   Code   RO         5172    i.motor_send_3508   canrecive.o
    0x080034a0   0x080034a0   0x000000c0   Code   RO         6052    i.prvAddCurrentTaskToDelayedList  tasks.o
    0x08003560   0x08003560   0x00000030   Code   RO         6060    i.prvResetNextTaskUnblockTime  tasks.o
    0x08003590   0x08003590   0x00000014   Code   RO         5101    i.remote_control_init  remote_control.o
    0x080035a4   0x080035a4   0x00000134   Code   RO         5219    i.robot_init        robot.o
    0x080036d8   0x080036d8   0x00000158   Code   RO         5220    i.ros_control_cal   robot.o
    0x08003830   0x08003830   0x0000000c   Code   RO         5274    i.ros_to_stm32_init  ros_to_stm32.o
    0x0800383c   0x0800383c   0x0000015c   Code   RO         5334    i.usart2_Init       usart.o
    0x08003998   0x08003998   0x000000c0   Code   RO         5335    i.usart6_init       usart.o
    0x08003a58   0x08003a58   0x00000028   Code   RO         5570    i.uxListRemove      list.o
    0x08003a80   0x08003a80   0x00000034   Code   RO         5573    i.vListInsert       list.o
    0x08003ab4   0x08003ab4   0x00000060   Code   RO         6699    i.vPortEnterCritical  port.o
    0x08003b14   0x08003b14   0x00000048   Code   RO         6700    i.vPortExitCritical  port.o
    0x08003b5c   0x08003b5c   0x00000064   Code   RO         6073    i.vTaskDelay        tasks.o
    0x08003bc0   0x08003bc0   0x00000010   Code   RO         6092    i.vTaskSuspendAll   tasks.o
    0x08003bd0   0x08003bd0   0x00000098   Code   RO         6093    i.vTaskSwitchContext  tasks.o
    0x08003c68   0x08003c68   0x00000034   Code   RO         6704    i.xPortSysTickHandler  port.o
    0x08003c9c   0x08003c9c   0x00000020   Code   RO         6103    i.xTaskGetSchedulerState  tasks.o
    0x08003cbc   0x08003cbc   0x000001c4   Code   RO         6106    i.xTaskIncrementTick  tasks.o
    0x08003e80   0x08003e80   0x00000180   Code   RO         6110    i.xTaskResumeAll    tasks.o
    0x08004000   0x08004000   0x00000014   Data   RO         5222    .constdata          robot.o
    0x08004014   0x08004014   0x00000004   PAD
    0x08004018   0x08004018   0x00000030   Data   RO         7092    .constdata          m_wm.l(cos_i.o)
    0x08004048   0x08004048   0x000000c8   Data   RO         7110    .constdata          m_wm.l(rred.o)
    0x08004110   0x08004110   0x00000028   Data   RO         7114    .constdata          m_wm.l(sin_i.o)
    0x08004138   0x08004138   0x00000043   Data   RO         6113    .conststring        tasks.o
    0x0800417b   0x0800417b   0x00000001   PAD
    0x0800417c   0x0800417c   0x00000059   Data   RO         6705    .conststring        port.o
    0x080041d5   0x080041d5   0x00000003   PAD
    0x080041d8   0x080041d8   0x00000020   Data   RO         7184    Region$$Table       anon$$obj.o


    Execution Region RW_IRAM1 (Exec base: 0x20000000, Load base: 0x080041f8, Size: 0x00000ae0, Max: 0x00020000, ABSOLUTE)

    Exec Addr    Load Addr    Size         Type   Attr      Idx    E Section Name        Object

    0x20000000   0x080041f8   0x00000010   Data   RW         2912    .data               stm32f4xx_rcc.o
    0x20000010   0x08004208   0x00000004   Data   RW         5007    .data               delay.o
    0x20000014   0x0800420c   0x00000002   Data   RW         5103    .data               remote_control.o
    0x20000016   0x0800420e   0x00000002   PAD
    0x20000018   0x08004210   0x00000004   Data   RW         5223    .data               robot.o
    0x2000001c   0x08004214   0x0000000a   Data   RW         5276    .data               ros_to_stm32.o
    0x20000026   0x0800421e   0x00000008   Data   RW         5307    .data               my_controller.o
    0x2000002e   0x08004226   0x00000002   PAD
    0x20000030   0x08004228   0x00000040   Data   RW         6114    .data               tasks.o
    0x20000070   0x08004268   0x0000000c   Data   RW         6706    .data               port.o
    0x2000007c   0x08004274   0x00000004   Data   RW         7137    .data               mc_w.l(stdout.o)
    0x20000080   0x08004278   0x00000004   Data   RW         7149    .data               mc_w.l(errno.o)
    0x20000084        -       0x0000007c   Zero   RW         5102    .bss                remote_control.o
    0x20000100        -       0x00000070   Zero   RW         5174    .bss                canrecive.o
    0x20000170        -       0x00000234   Zero   RW         5221    .bss                robot.o
    0x200003a4        -       0x00000052   Zero   RW         5275    .bss                ros_to_stm32.o
    0x200003f6   0x0800427c   0x00000002   PAD
    0x200003f8        -       0x000002e4   Zero   RW         6112    .bss                tasks.o
    0x200006dc   0x0800427c   0x00000004   PAD
    0x200006e0        -       0x00000400   Zero   RW          263    STACK               startup_stm32f40_41xxx.o


==============================================================================

Image component sizes


      Code (inc. data)   RO Data    RW Data    ZI Data      Debug   Object Name

       512         16          0          0          0       2082   can.o
      1516         34          0          0        112       2386   canrecive.o
       220         18          0          4          0      10825   delay.o
        92          0          0          0          0       1993   list.o
        44          8          0          0          0     285945   main.o
       160         14          0          0          0       1546   misc.o
       132         14          0          8          0       1132   my_controller.o
       596          8          0          0          0       2522   pid.o
       410         74         89         12          0       5943   port.o
       520         38          0          2        124       3320   remote_control.o
      1566         92         20          4        564       5274   robot.o
       272         28          0         10         82       1790   ros_to_stm32.o
        36          8        392          0       1024        836   startup_stm32f40_41xxx.o
      1092          6          0          0          0       4424   stm32f4xx_can.o
       584         40          0          0          0       6712   stm32f4xx_dma.o
       214          0          0          0          0       1767   stm32f4xx_gpio.o
        20          0          0          0          0       2817   stm32f4xx_it.o
       392         48          0         16          0       5765   stm32f4xx_rcc.o
       710         42          0          0          0       6776   stm32f4xx_usart.o
       340         32          0          0          0       1533   system_stm32f4xx.o
      1376        238         67         64        740      22640   tasks.o
       540         24          0          0          0       2144   usart.o

    ----------------------------------------------------------------------
     11360        782        608        124       2652     380172   Object Totals
         0          0         32          0          0          0   (incl. Generated)
        16          0          8          4          6          0   (incl. Padding)

    ----------------------------------------------------------------------

      Code (inc. data)   RO Data    RW Data    ZI Data      Debug   Library Member Name

       200         20          0          0          0        164   cos.o
       368         46         48          0          0        200   cos_i.o
        84         16          0          0          0        372   dunder.o
        24          0          0          0          0        124   fabs.o
        48          0          0          0          0        124   fpclassify.o
       248          0          0          0          0        152   poly.o
      1080        142        200          0          0        188   rred.o
       200         20          0          0          0        164   sin.o
       304         24         40          0          0        208   sin_i.o
         0          0          0          0          0          0   entry.o
         0          0          0          0          0          0   entry10a.o
         0          0          0          0          0          0   entry11a.o
         4          0          0          0          0          0   entry12b.o
         8          4          0          0          0          0   entry2.o
         4          0          0          0          0          0   entry5.o
         0          0          0          0          0          0   entry7b.o
         0          0          0          0          0          0   entry8b.o
         8          4          0          0          0          0   entry9a.o
        12          6          0          4          0         68   errno.o
        18          0          0          0          0         80   fputc.o
        30          0          0          0          0          0   handlers.o
        36          8          0          0          0         68   init.o
         0          0          0          0          0          0   iusefp.o
         0          0          0          0          0          0   iusesemip.o
        30          0          0          0          0         68   llshl.o
        36          0          0          0          0         68   llsshr.o
        32          0          0          0          0         68   llushr.o
        36          0          0          0          0         68   memcpya.o
       472         14          0          0          0        184   printf3.o
         0          0          0          0          0          0   semi.o
         0          0          0          4          0          0   stdout.o
        44          0          0          0          0         80   uidiv.o
        56          0          0          0          0         88   d2f.o
       334          0          0          0          0        148   dadd.o
       222          0          0          0          0        100   ddiv.o
       186          0          0          0          0        176   depilogue.o
        62          0          0          0          0         80   dfixi.o
        34          0          0          0          0         76   dflti.o
        26          0          0          0          0         76   dfltui.o
       228          0          0          0          0         96   dmul.o
        38          0          0          0          0         68   f2d.o
       110          0          0          0          0        168   fepilogue.o

    ----------------------------------------------------------------------
      4632        304        288          8          0       3524   Library Totals
        10          0          0          0          0          0   (incl. Padding)

    ----------------------------------------------------------------------

      Code (inc. data)   RO Data    RW Data    ZI Data      Debug   Library Name

      2556        268        288          0          0       1696   m_wm.l
       770         36          0          8          0        752   mc_w.l
      1296          0          0          0          0       1076   mf_w.l

    ----------------------------------------------------------------------
      4632        304        288          8          0       3524   Library Totals

    ----------------------------------------------------------------------

==============================================================================


      Code (inc. data)   RO Data    RW Data    ZI Data      Debug   

     15992       1086        896        132       2652     374616   Grand Totals
     15992       1086        896        132       2652     374616   ELF Image Totals
     15992       1086        896        132          0          0   ROM Totals

==============================================================================

    Total RO  Size (Code + RO Data)                16888 (  16.49kB)
    Total RW  Size (RW Data + ZI Data)              2784 (   2.72kB)
    Total ROM Size (Code + RO Data + RW Data)      17020 (  16.62kB)

==============================================================================

